Info: Nothing to build for projektik1
Info: Nothing to build for projektik1
10:13:50 **** Rebuild of configuration Debug for project vrs_cv2 ****
Info: Internal Builder is used for build
arm-atollic-eabi-gcc -c -mthumb -mcpu=cortex-m3 -std=gnu11 -DSTM32L1XX_HD -DUSE_STDPERIPH_DRIVER -I../src -I..\Libraries\STM32L1xx_StdPeriph_Driver\inc -I..\Libraries\CMSIS\Include -I..\Libraries\CMSIS\Device\ST\STM32L1xx\Include -O0 -ffunction-sections -fdata-sections -g -Wall -o Libraries\STM32L1xx_StdPeriph_Driver\src\stm32l1xx_pwr.o ..\Libraries\STM32L1xx_StdPeriph_Driver\src\stm32l1xx_pwr.c 
arm-atollic-eabi-gcc -c -mthumb -mcpu=cortex-m3 -std=gnu11 -DSTM32L1XX_HD -DUSE_STDPERIPH_DRIVER -I../src -I..\Libraries\STM32L1xx_StdPeriph_Driver\inc -I..\Libraries\CMSIS\Include -I..\Libraries\CMSIS\Device\ST\STM32L1xx\Include -O0 -ffunction-sections -fdata-sections -g -Wall -o Libraries\STM32L1xx_StdPeriph_Driver\src\stm32l1xx_gpio.o ..\Libraries\STM32L1xx_StdPeriph_Driver\src\stm32l1xx_gpio.c 
arm-atollic-eabi-gcc -c -mthumb -mcpu=cortex-m3 -std=gnu11 -DSTM32L1XX_HD -DUSE_STDPERIPH_DRIVER -I../src -I..\Libraries\STM32L1xx_StdPeriph_Driver\inc -I..\Libraries\CMSIS\Include -I..\Libraries\CMSIS\Device\ST\STM32L1xx\Include -O0 -ffunction-sections -fdata-sections -g -Wall -o Libraries\STM32L1xx_StdPeriph_Driver\src\stm32l1xx_iwdg.o ..\Libraries\STM32L1xx_StdPeriph_Driver\src\stm32l1xx_iwdg.c 
arm-atollic-eabi-gcc -c -mthumb -mcpu=cortex-m3 -std=gnu11 -DSTM32L1XX_HD -DUSE_STDPERIPH_DRIVER -I../src -I..\Libraries\STM32L1xx_StdPeriph_Driver\inc -I..\Libraries\CMSIS\Include -I..\Libraries\CMSIS\Device\ST\STM32L1xx\Include -O0 -ffunction-sections -fdata-sections -g -Wall -o Libraries\STM32L1xx_StdPeriph_Driver\src\stm32l1xx_opamp.o ..\Libraries\STM32L1xx_StdPeriph_Driver\src\stm32l1xx_opamp.c 
arm-atollic-eabi-gcc -c -mthumb -mcpu=cortex-m3 -std=gnu11 -DSTM32L1XX_HD -DUSE_STDPERIPH_DRIVER -I../src -I..\Libraries\STM32L1xx_StdPeriph_Driver\inc -I..\Libraries\CMSIS\Include -I..\Libraries\CMSIS\Device\ST\STM32L1xx\Include -O0 -ffunction-sections -fdata-sections -g -Wall -o Libraries\STM32L1xx_StdPeriph_Driver\src\stm32l1xx_syscfg.o ..\Libraries\STM32L1xx_StdPeriph_Driver\src\stm32l1xx_syscfg.c 
arm-atollic-eabi-gcc -c -mthumb -mcpu=cortex-m3 -std=gnu11 -DSTM32L1XX_HD -DUSE_STDPERIPH_DRIVER -I../src -I..\Libraries\STM32L1xx_StdPeriph_Driver\inc -I..\Libraries\CMSIS\Include -I..\Libraries\CMSIS\Device\ST\STM32L1xx\Include -O0 -ffunction-sections -fdata-sections -g -Wall -o src\tiny_printf.o ..\src\tiny_printf.c 
arm-atollic-eabi-gcc -c -mthumb -mcpu=cortex-m3 -std=gnu11 -DSTM32L1XX_HD -DUSE_STDPERIPH_DRIVER -I../src -I..\Libraries\STM32L1xx_StdPeriph_Driver\inc -I..\Libraries\CMSIS\Include -I..\Libraries\CMSIS\Device\ST\STM32L1xx\Include -O0 -ffunction-sections -fdata-sections -g -Wall -o Libraries\STM32L1xx_StdPeriph_Driver\src\stm32l1xx_dbgmcu.o ..\Libraries\STM32L1xx_StdPeriph_Driver\src\stm32l1xx_dbgmcu.c 
arm-atollic-eabi-gcc -c -mthumb -mcpu=cortex-m3 -std=gnu11 -DSTM32L1XX_HD -DUSE_STDPERIPH_DRIVER -I../src -I..\Libraries\STM32L1xx_StdPeriph_Driver\inc -I..\Libraries\CMSIS\Include -I..\Libraries\CMSIS\Device\ST\STM32L1xx\Include -O0 -ffunction-sections -fdata-sections -g -Wall -o Libraries\STM32L1xx_StdPeriph_Driver\src\stm32l1xx_spi.o ..\Libraries\STM32L1xx_StdPeriph_Driver\src\stm32l1xx_spi.c 
arm-atollic-eabi-gcc -c -mthumb -mcpu=cortex-m3 -std=gnu11 -DSTM32L1XX_HD -DUSE_STDPERIPH_DRIVER -I../src -I..\Libraries\STM32L1xx_StdPeriph_Driver\inc -I..\Libraries\CMSIS\Include -I..\Libraries\CMSIS\Device\ST\STM32L1xx\Include -O0 -ffunction-sections -fdata-sections -g -Wall -o src\main.o ..\src\main.c 
arm-atollic-eabi-gcc -c -mthumb -mcpu=cortex-m3 -std=gnu11 -DSTM32L1XX_HD -DUSE_STDPERIPH_DRIVER -I../src -I..\Libraries\STM32L1xx_StdPeriph_Driver\inc -I..\Libraries\CMSIS\Include -I..\Libraries\CMSIS\Device\ST\STM32L1xx\Include -O0 -ffunction-sections -fdata-sections -g -Wall -o src\stm32l1xx_it.o ..\src\stm32l1xx_it.c 
arm-atollic-eabi-gcc -c -mthumb -mcpu=cortex-m3 -std=gnu11 -DSTM32L1XX_HD -DUSE_STDPERIPH_DRIVER -I../src -I..\Libraries\STM32L1xx_StdPeriph_Driver\inc -I..\Libraries\CMSIS\Include -I..\Libraries\CMSIS\Device\ST\STM32L1xx\Include -O0 -ffunction-sections -fdata-sections -g -Wall -o Libraries\STM32L1xx_StdPeriph_Driver\src\stm32l1xx_aes_util.o ..\Libraries\STM32L1xx_StdPeriph_Driver\src\stm32l1xx_aes_util.c 
arm-atollic-eabi-gcc -c -mthumb -mcpu=cortex-m3 -std=gnu11 -DSTM32L1XX_HD -DUSE_STDPERIPH_DRIVER -I../src -I..\Libraries\STM32L1xx_StdPeriph_Driver\inc -I..\Libraries\CMSIS\Include -I..\Libraries\CMSIS\Device\ST\STM32L1xx\Include -O0 -ffunction-sections -fdata-sections -g -Wall -o Libraries\STM32L1xx_StdPeriph_Driver\src\stm32l1xx_lcd.o ..\Libraries\STM32L1xx_StdPeriph_Driver\src\stm32l1xx_lcd.c 
arm-atollic-eabi-gcc -c -mthumb -mcpu=cortex-m3 -std=gnu11 -DSTM32L1XX_HD -DUSE_STDPERIPH_DRIVER -I../src -I..\Libraries\STM32L1xx_StdPeriph_Driver\inc -I..\Libraries\CMSIS\Include -I..\Libraries\CMSIS\Device\ST\STM32L1xx\Include -O0 -ffunction-sections -fdata-sections -g -Wall -o Libraries\STM32L1xx_StdPeriph_Driver\src\stm32l1xx_exti.o ..\Libraries\STM32L1xx_StdPeriph_Driver\src\stm32l1xx_exti.c 
arm-atollic-eabi-gcc -c -mthumb -mcpu=cortex-m3 -std=gnu11 -DSTM32L1XX_HD -DUSE_STDPERIPH_DRIVER -I../src -I..\Libraries\STM32L1xx_StdPeriph_Driver\inc -I..\Libraries\CMSIS\Include -I..\Libraries\CMSIS\Device\ST\STM32L1xx\Include -O0 -ffunction-sections -fdata-sections -g -Wall -o Libraries\STM32L1xx_StdPeriph_Driver\src\stm32l1xx_adc.o ..\Libraries\STM32L1xx_StdPeriph_Driver\src\stm32l1xx_adc.c 
arm-atollic-eabi-gcc -c -mthumb -mcpu=cortex-m3 -std=gnu11 -DSTM32L1XX_HD -DUSE_STDPERIPH_DRIVER -I../src -I..\Libraries\STM32L1xx_StdPeriph_Driver\inc -I..\Libraries\CMSIS\Include -I..\Libraries\CMSIS\Device\ST\STM32L1xx\Include -O0 -ffunction-sections -fdata-sections -g -Wall -o Libraries\STM32L1xx_StdPeriph_Driver\src\stm32l1xx_aes.o ..\Libraries\STM32L1xx_StdPeriph_Driver\src\stm32l1xx_aes.c 
arm-atollic-eabi-gcc -c -mthumb -mcpu=cortex-m3 -std=gnu11 -DSTM32L1XX_HD -DUSE_STDPERIPH_DRIVER -I../src -I..\Libraries\STM32L1xx_StdPeriph_Driver\inc -I..\Libraries\CMSIS\Include -I..\Libraries\CMSIS\Device\ST\STM32L1xx\Include -O0 -ffunction-sections -fdata-sections -g -Wall -o src\system_stm32l1xx.o ..\src\system_stm32l1xx.c 
arm-atollic-eabi-gcc -c -mthumb -mcpu=cortex-m3 -std=gnu11 -DSTM32L1XX_HD -DUSE_STDPERIPH_DRIVER -I../src -I..\Libraries\STM32L1xx_StdPeriph_Driver\inc -I..\Libraries\CMSIS\Include -I..\Libraries\CMSIS\Device\ST\STM32L1xx\Include -O0 -ffunction-sections -fdata-sections -g -Wall -o Libraries\STM32L1xx_StdPeriph_Driver\src\stm32l1xx_comp.o ..\Libraries\STM32L1xx_StdPeriph_Driver\src\stm32l1xx_comp.c 
arm-atollic-eabi-gcc -c -mthumb -mcpu=cortex-m3 -std=gnu11 -DSTM32L1XX_HD -DUSE_STDPERIPH_DRIVER -I../src -I..\Libraries\STM32L1xx_StdPeriph_Driver\inc -I..\Libraries\CMSIS\Include -I..\Libraries\CMSIS\Device\ST\STM32L1xx\Include -O0 -ffunction-sections -fdata-sections -g -Wall -o Libraries\STM32L1xx_StdPeriph_Driver\src\stm32l1xx_rcc.o ..\Libraries\STM32L1xx_StdPeriph_Driver\src\stm32l1xx_rcc.c 
arm-atollic-eabi-gcc -c -mthumb -mcpu=cortex-m3 -std=gnu11 -DSTM32L1XX_HD -DUSE_STDPERIPH_DRIVER -I../src -I..\Libraries\STM32L1xx_StdPeriph_Driver\inc -I..\Libraries\CMSIS\Include -I..\Libraries\CMSIS\Device\ST\STM32L1xx\Include -O0 -ffunction-sections -fdata-sections -g -Wall -o Libraries\STM32L1xx_StdPeriph_Driver\src\stm32l1xx_dma.o ..\Libraries\STM32L1xx_StdPeriph_Driver\src\stm32l1xx_dma.c 
arm-atollic-eabi-gcc -c -mthumb -mcpu=cortex-m3 -std=gnu11 -DSTM32L1XX_HD -DUSE_STDPERIPH_DRIVER -I../src -I..\Libraries\STM32L1xx_StdPeriph_Driver\inc -I..\Libraries\CMSIS\Include -I..\Libraries\CMSIS\Device\ST\STM32L1xx\Include -O0 -ffunction-sections -fdata-sections -g -Wall -o Libraries\STM32L1xx_StdPeriph_Driver\src\stm32l1xx_fsmc.o ..\Libraries\STM32L1xx_StdPeriph_Driver\src\stm32l1xx_fsmc.c 
arm-atollic-eabi-gcc -c -mthumb -mcpu=cortex-m3 -std=gnu11 -DSTM32L1XX_HD -DUSE_STDPERIPH_DRIVER -I../src -I..\Libraries\STM32L1xx_StdPeriph_Driver\inc -I..\Libraries\CMSIS\Include -I..\Libraries\CMSIS\Device\ST\STM32L1xx\Include -O0 -ffunction-sections -fdata-sections -g -Wall -o Libraries\STM32L1xx_StdPeriph_Driver\src\stm32l1xx_tim.o ..\Libraries\STM32L1xx_StdPeriph_Driver\src\stm32l1xx_tim.c 
arm-atollic-eabi-gcc -c -mthumb -mcpu=cortex-m3 -std=gnu11 -DSTM32L1XX_HD -DUSE_STDPERIPH_DRIVER -I../src -I..\Libraries\STM32L1xx_StdPeriph_Driver\inc -I..\Libraries\CMSIS\Include -I..\Libraries\CMSIS\Device\ST\STM32L1xx\Include -O0 -ffunction-sections -fdata-sections -g -Wall -o Libraries\STM32L1xx_StdPeriph_Driver\src\stm32l1xx_i2c.o ..\Libraries\STM32L1xx_StdPeriph_Driver\src\stm32l1xx_i2c.c 
arm-atollic-eabi-gcc -c -mthumb -mcpu=cortex-m3 -g -Wa,--warn -x assembler-with-cpp -o src\startup_stm32l1xx_hd.o ..\src\startup_stm32l1xx_hd.s 
arm-atollic-eabi-gcc -c -mthumb -mcpu=cortex-m3 -std=gnu11 -DSTM32L1XX_HD -DUSE_STDPERIPH_DRIVER -I../src -I..\Libraries\STM32L1xx_StdPeriph_Driver\inc -I..\Libraries\CMSIS\Include -I..\Libraries\CMSIS\Device\ST\STM32L1xx\Include -O0 -ffunction-sections -fdata-sections -g -Wall -o Libraries\STM32L1xx_StdPeriph_Driver\src\stm32l1xx_dac.o ..\Libraries\STM32L1xx_StdPeriph_Driver\src\stm32l1xx_dac.c 
arm-atollic-eabi-gcc -c -mthumb -mcpu=cortex-m3 -std=gnu11 -DSTM32L1XX_HD -DUSE_STDPERIPH_DRIVER -I../src -I..\Libraries\STM32L1xx_StdPeriph_Driver\inc -I..\Libraries\CMSIS\Include -I..\Libraries\CMSIS\Device\ST\STM32L1xx\Include -O0 -ffunction-sections -fdata-sections -g -Wall -o Libraries\STM32L1xx_StdPeriph_Driver\src\misc.o ..\Libraries\STM32L1xx_StdPeriph_Driver\src\misc.c 
arm-atollic-eabi-gcc -c -mthumb -mcpu=cortex-m3 -std=gnu11 -DSTM32L1XX_HD -DUSE_STDPERIPH_DRIVER -I../src -I..\Libraries\STM32L1xx_StdPeriph_Driver\inc -I..\Libraries\CMSIS\Include -I..\Libraries\CMSIS\Device\ST\STM32L1xx\Include -O0 -ffunction-sections -fdata-sections -g -Wall -o Libraries\STM32L1xx_StdPeriph_Driver\src\stm32l1xx_rtc.o ..\Libraries\STM32L1xx_StdPeriph_Driver\src\stm32l1xx_rtc.c 
arm-atollic-eabi-gcc -c -mthumb -mcpu=cortex-m3 -std=gnu11 -DSTM32L1XX_HD -DUSE_STDPERIPH_DRIVER -I../src -I..\Libraries\STM32L1xx_StdPeriph_Driver\inc -I..\Libraries\CMSIS\Include -I..\Libraries\CMSIS\Device\ST\STM32L1xx\Include -O0 -ffunction-sections -fdata-sections -g -Wall -o Libraries\STM32L1xx_StdPeriph_Driver\src\stm32l1xx_wwdg.o ..\Libraries\STM32L1xx_StdPeriph_Driver\src\stm32l1xx_wwdg.c 
arm-atollic-eabi-gcc -c -mthumb -mcpu=cortex-m3 -std=gnu11 -DSTM32L1XX_HD -DUSE_STDPERIPH_DRIVER -I../src -I..\Libraries\STM32L1xx_StdPeriph_Driver\inc -I..\Libraries\CMSIS\Include -I..\Libraries\CMSIS\Device\ST\STM32L1xx\Include -O0 -ffunction-sections -fdata-sections -g -Wall -o Libraries\STM32L1xx_StdPeriph_Driver\src\stm32l1xx_flash_ramfunc.o ..\Libraries\STM32L1xx_StdPeriph_Driver\src\stm32l1xx_flash_ramfunc.c 
C:\Users\baxos\AppData\Local\Temp\ccWZgPsQ.s: Assembler messages:
C:\Users\baxos\AppData\Local\Temp\ccWZgPsQ.s:19: Warning: ignoring changed section attributes for .data
arm-atollic-eabi-gcc -c -mthumb -mcpu=cortex-m3 -std=gnu11 -DSTM32L1XX_HD -DUSE_STDPERIPH_DRIVER -I../src -I..\Libraries\STM32L1xx_StdPeriph_Driver\inc -I..\Libraries\CMSIS\Include -I..\Libraries\CMSIS\Device\ST\STM32L1xx\Include -O0 -ffunction-sections -fdata-sections -g -Wall -o Libraries\STM32L1xx_StdPeriph_Driver\src\stm32l1xx_flash.o ..\Libraries\STM32L1xx_StdPeriph_Driver\src\stm32l1xx_flash.c 
arm-atollic-eabi-gcc -c -mthumb -mcpu=cortex-m3 -std=gnu11 -DSTM32L1XX_HD -DUSE_STDPERIPH_DRIVER -I../src -I..\Libraries\STM32L1xx_StdPeriph_Driver\inc -I..\Libraries\CMSIS\Include -I..\Libraries\CMSIS\Device\ST\STM32L1xx\Include -O0 -ffunction-sections -fdata-sections -g -Wall -o Libraries\STM32L1xx_StdPeriph_Driver\src\stm32l1xx_usart.o ..\Libraries\STM32L1xx_StdPeriph_Driver\src\stm32l1xx_usart.c 
arm-atollic-eabi-gcc -c -mthumb -mcpu=cortex-m3 -std=gnu11 -DSTM32L1XX_HD -DUSE_STDPERIPH_DRIVER -I../src -I..\Libraries\STM32L1xx_StdPeriph_Driver\inc -I..\Libraries\CMSIS\Include -I..\Libraries\CMSIS\Device\ST\STM32L1xx\Include -O0 -ffunction-sections -fdata-sections -g -Wall -o Libraries\STM32L1xx_StdPeriph_Driver\src\stm32l1xx_sdio.o ..\Libraries\STM32L1xx_StdPeriph_Driver\src\stm32l1xx_sdio.c 
arm-atollic-eabi-gcc -c -mthumb -mcpu=cortex-m3 -std=gnu11 -DSTM32L1XX_HD -DUSE_STDPERIPH_DRIVER -I../src -I..\Libraries\STM32L1xx_StdPeriph_Driver\inc -I..\Libraries\CMSIS\Include -I..\Libraries\CMSIS\Device\ST\STM32L1xx\Include -O0 -ffunction-sections -fdata-sections -g -Wall -o Libraries\STM32L1xx_StdPeriph_Driver\src\stm32l1xx_crc.o ..\Libraries\STM32L1xx_StdPeriph_Driver\src\stm32l1xx_crc.c 
arm-atollic-eabi-gcc Libraries\STM32L1xx_StdPeriph_Driver\src\misc.o Libraries\STM32L1xx_StdPeriph_Driver\src\stm32l1xx_adc.o Libraries\STM32L1xx_StdPeriph_Driver\src\stm32l1xx_aes.o Libraries\STM32L1xx_StdPeriph_Driver\src\stm32l1xx_aes_util.o Libraries\STM32L1xx_StdPeriph_Driver\src\stm32l1xx_comp.o Libraries\STM32L1xx_StdPeriph_Driver\src\stm32l1xx_crc.o Libraries\STM32L1xx_StdPeriph_Driver\src\stm32l1xx_dac.o Libraries\STM32L1xx_StdPeriph_Driver\src\stm32l1xx_dbgmcu.o Libraries\STM32L1xx_StdPeriph_Driver\src\stm32l1xx_dma.o Libraries\STM32L1xx_StdPeriph_Driver\src\stm32l1xx_exti.o Libraries\STM32L1xx_StdPeriph_Driver\src\stm32l1xx_flash.o Libraries\STM32L1xx_StdPeriph_Driver\src\stm32l1xx_flash_ramfunc.o Libraries\STM32L1xx_StdPeriph_Driver\src\stm32l1xx_fsmc.o Libraries\STM32L1xx_StdPeriph_Driver\src\stm32l1xx_gpio.o Libraries\STM32L1xx_StdPeriph_Driver\src\stm32l1xx_i2c.o Libraries\STM32L1xx_StdPeriph_Driver\src\stm32l1xx_iwdg.o Libraries\STM32L1xx_StdPeriph_Driver\src\stm32l1xx_lcd.o Libraries\STM32L1xx_StdPeriph_Driver\src\stm32l1xx_opamp.o Libraries\STM32L1xx_StdPeriph_Driver\src\stm32l1xx_pwr.o Libraries\STM32L1xx_StdPeriph_Driver\src\stm32l1xx_rcc.o Libraries\STM32L1xx_StdPeriph_Driver\src\stm32l1xx_rtc.o Libraries\STM32L1xx_StdPeriph_Driver\src\stm32l1xx_sdio.o Libraries\STM32L1xx_StdPeriph_Driver\src\stm32l1xx_spi.o Libraries\STM32L1xx_StdPeriph_Driver\src\stm32l1xx_syscfg.o Libraries\STM32L1xx_StdPeriph_Driver\src\stm32l1xx_tim.o Libraries\STM32L1xx_StdPeriph_Driver\src\stm32l1xx_usart.o Libraries\STM32L1xx_StdPeriph_Driver\src\stm32l1xx_wwdg.o src\main.o src\startup_stm32l1xx_hd.o src\stm32l1xx_it.o src\system_stm32l1xx.o src\tiny_printf.o -o vrs_cv2.elf -mthumb -mcpu=cortex-m3 -T..\stm32_flash.ld -Wl,--start-group -lc -lm -Wl,--end-group -specs=nano.specs -specs=nosys.specs -static -Wl,-cref,-u,Reset_Handler -Wl,-Map=vrs_cv2.map -Wl,--gc-sections -Wl,--defsym=malloc_getpagesize_P=0x80 
C:\Program Files (x86)\Atollic\TrueSTUDIO for ARM 6.0.0\ide\jre\bin\java -jar C:\Program Files (x86)\Atollic\TrueSTUDIO for ARM 6.0.0\Tools\arm-atollic-reports.jar sizeinfo list vrs_cv2.elf 
Generate build reports...
Print size information
   text	   data	    bss	    dec	    hex	filename
   1068	      8	   1052	   2128	    850	vrs_cv2.elf
Print size information done
Generate listing file
Output sent to: vrs_cv2.elf.list
Generate listing file done
Generate build reports done
Info: Nothing to build for projektik1
11:20:24 **** Incremental Build of configuration Debug for project vrs_cv2 ****
Info: Internal Builder is used for build
arm-atollic-eabi-gcc -c -mthumb -mcpu=cortex-m3 -std=gnu11 -DSTM32L1XX_HD -DUSE_STDPERIPH_DRIVER -I../src -I..\Libraries\STM32L1xx_StdPeriph_Driver\inc -I..\Libraries\CMSIS\Include -I..\Libraries\CMSIS\Device\ST\STM32L1xx\Include -O0 -ffunction-sections -fdata-sections -g -Wall -o src\main.o ..\src\main.c 
..\src\main.c:32:19: fatal error: conio.h: No such file or directory
compilation terminated.
11:21:59 **** Incremental Build of configuration Debug for project vrs_cv2 ****
Info: Internal Builder is used for build
arm-atollic-eabi-gcc -c -mthumb -mcpu=cortex-m3 -std=gnu11 -DSTM32L1XX_HD -DUSE_STDPERIPH_DRIVER -I../src -I..\Libraries\STM32L1xx_StdPeriph_Driver\inc -I..\Libraries\CMSIS\Include -I..\Libraries\CMSIS\Device\ST\STM32L1xx\Include -O0 -ffunction-sections -fdata-sections -g -Wall -o src\main.o ..\src\main.c 
..\src\main.c:32:19: fatal error: conio.h: No such file or directory
compilation terminated.
11:24:15 **** Incremental Build of configuration Debug for project vrs_cv2 ****
Info: Internal Builder is used for build
arm-atollic-eabi-gcc -c -mthumb -mcpu=cortex-m3 -std=gnu11 -DSTM32L1XX_HD -DUSE_STDPERIPH_DRIVER -I../src -I..\Libraries\STM32L1xx_StdPeriph_Driver\inc -I..\Libraries\CMSIS\Include -I..\Libraries\CMSIS\Device\ST\STM32L1xx\Include -O0 -ffunction-sections -fdata-sections -g -Wall -o src\main.o ..\src\main.c 
..\src\main.c: In function 'main':
..\src\main.c:80:2: warning: implicit declaration of function 'delay' [-Wimplicit-function-declaration]
  delay(50);
  ^
..\src\main.c:50:7: warning: unused variable 'i' [-Wunused-variable]
   int i = 0;
       ^
arm-atollic-eabi-gcc Libraries\STM32L1xx_StdPeriph_Driver\src\misc.o Libraries\STM32L1xx_StdPeriph_Driver\src\stm32l1xx_adc.o Libraries\STM32L1xx_StdPeriph_Driver\src\stm32l1xx_aes.o Libraries\STM32L1xx_StdPeriph_Driver\src\stm32l1xx_aes_util.o Libraries\STM32L1xx_StdPeriph_Driver\src\stm32l1xx_comp.o Libraries\STM32L1xx_StdPeriph_Driver\src\stm32l1xx_crc.o Libraries\STM32L1xx_StdPeriph_Driver\src\stm32l1xx_dac.o Libraries\STM32L1xx_StdPeriph_Driver\src\stm32l1xx_dbgmcu.o Libraries\STM32L1xx_StdPeriph_Driver\src\stm32l1xx_dma.o Libraries\STM32L1xx_StdPeriph_Driver\src\stm32l1xx_exti.o Libraries\STM32L1xx_StdPeriph_Driver\src\stm32l1xx_flash.o Libraries\STM32L1xx_StdPeriph_Driver\src\stm32l1xx_flash_ramfunc.o Libraries\STM32L1xx_StdPeriph_Driver\src\stm32l1xx_fsmc.o Libraries\STM32L1xx_StdPeriph_Driver\src\stm32l1xx_gpio.o Libraries\STM32L1xx_StdPeriph_Driver\src\stm32l1xx_i2c.o Libraries\STM32L1xx_StdPeriph_Driver\src\stm32l1xx_iwdg.o Libraries\STM32L1xx_StdPeriph_Driver\src\stm32l1xx_lcd.o Libraries\STM32L1xx_StdPeriph_Driver\src\stm32l1xx_opamp.o Libraries\STM32L1xx_StdPeriph_Driver\src\stm32l1xx_pwr.o Libraries\STM32L1xx_StdPeriph_Driver\src\stm32l1xx_rcc.o Libraries\STM32L1xx_StdPeriph_Driver\src\stm32l1xx_rtc.o Libraries\STM32L1xx_StdPeriph_Driver\src\stm32l1xx_sdio.o Libraries\STM32L1xx_StdPeriph_Driver\src\stm32l1xx_spi.o Libraries\STM32L1xx_StdPeriph_Driver\src\stm32l1xx_syscfg.o Libraries\STM32L1xx_StdPeriph_Driver\src\stm32l1xx_tim.o Libraries\STM32L1xx_StdPeriph_Driver\src\stm32l1xx_usart.o Libraries\STM32L1xx_StdPeriph_Driver\src\stm32l1xx_wwdg.o src\main.o src\startup_stm32l1xx_hd.o src\stm32l1xx_it.o src\system_stm32l1xx.o src\tiny_printf.o -o vrs_cv2.elf -mthumb -mcpu=cortex-m3 -T..\stm32_flash.ld -Wl,--start-group -lc -lm -Wl,--end-group -specs=nano.specs -specs=nosys.specs -static -Wl,-cref,-u,Reset_Handler -Wl,-Map=vrs_cv2.map -Wl,--gc-sections -Wl,--defsym=malloc_getpagesize_P=0x80 
src\main.o: In function `main':
C:\Users\baxos\Atollic\TrueSTUDIO\AnickaJakubko\vrs_cv2\Debug/..\src/main.c:80: undefined reference to `delay'
C:\Users\baxos\Atollic\TrueSTUDIO\AnickaJakubko\vrs_cv2\Debug/..\src/main.c:84: undefined reference to `delay'
collect2.exe: error: ld returned 1 exit status
11:24:53 **** Incremental Build of configuration Debug for project vrs_cv2 ****
Info: Internal Builder is used for build
arm-atollic-eabi-gcc -c -mthumb -mcpu=cortex-m3 -std=gnu11 -DSTM32L1XX_HD -DUSE_STDPERIPH_DRIVER -I../src -I..\Libraries\STM32L1xx_StdPeriph_Driver\inc -I..\Libraries\CMSIS\Include -I..\Libraries\CMSIS\Device\ST\STM32L1xx\Include -O0 -ffunction-sections -fdata-sections -g -Wall -o src\main.o ..\src\main.c 
..\src\main.c: In function 'main':
..\src\main.c:50:7: warning: unused variable 'i' [-Wunused-variable]
   int i = 0;
       ^
arm-atollic-eabi-gcc Libraries\STM32L1xx_StdPeriph_Driver\src\misc.o Libraries\STM32L1xx_StdPeriph_Driver\src\stm32l1xx_adc.o Libraries\STM32L1xx_StdPeriph_Driver\src\stm32l1xx_aes.o Libraries\STM32L1xx_StdPeriph_Driver\src\stm32l1xx_aes_util.o Libraries\STM32L1xx_StdPeriph_Driver\src\stm32l1xx_comp.o Libraries\STM32L1xx_StdPeriph_Driver\src\stm32l1xx_crc.o Libraries\STM32L1xx_StdPeriph_Driver\src\stm32l1xx_dac.o Libraries\STM32L1xx_StdPeriph_Driver\src\stm32l1xx_dbgmcu.o Libraries\STM32L1xx_StdPeriph_Driver\src\stm32l1xx_dma.o Libraries\STM32L1xx_StdPeriph_Driver\src\stm32l1xx_exti.o Libraries\STM32L1xx_StdPeriph_Driver\src\stm32l1xx_flash.o Libraries\STM32L1xx_StdPeriph_Driver\src\stm32l1xx_flash_ramfunc.o Libraries\STM32L1xx_StdPeriph_Driver\src\stm32l1xx_fsmc.o Libraries\STM32L1xx_StdPeriph_Driver\src\stm32l1xx_gpio.o Libraries\STM32L1xx_StdPeriph_Driver\src\stm32l1xx_i2c.o Libraries\STM32L1xx_StdPeriph_Driver\src\stm32l1xx_iwdg.o Libraries\STM32L1xx_StdPeriph_Driver\src\stm32l1xx_lcd.o Libraries\STM32L1xx_StdPeriph_Driver\src\stm32l1xx_opamp.o Libraries\STM32L1xx_StdPeriph_Driver\src\stm32l1xx_pwr.o Libraries\STM32L1xx_StdPeriph_Driver\src\stm32l1xx_rcc.o Libraries\STM32L1xx_StdPeriph_Driver\src\stm32l1xx_rtc.o Libraries\STM32L1xx_StdPeriph_Driver\src\stm32l1xx_sdio.o Libraries\STM32L1xx_StdPeriph_Driver\src\stm32l1xx_spi.o Libraries\STM32L1xx_StdPeriph_Driver\src\stm32l1xx_syscfg.o Libraries\STM32L1xx_StdPeriph_Driver\src\stm32l1xx_tim.o Libraries\STM32L1xx_StdPeriph_Driver\src\stm32l1xx_usart.o Libraries\STM32L1xx_StdPeriph_Driver\src\stm32l1xx_wwdg.o src\main.o src\startup_stm32l1xx_hd.o src\stm32l1xx_it.o src\system_stm32l1xx.o src\tiny_printf.o -o vrs_cv2.elf -mthumb -mcpu=cortex-m3 -T..\stm32_flash.ld -Wl,--start-group -lc -lm -Wl,--end-group -specs=nano.specs -specs=nosys.specs -static -Wl,-cref,-u,Reset_Handler -Wl,-Map=vrs_cv2.map -Wl,--gc-sections -Wl,--defsym=malloc_getpagesize_P=0x80 
C:\Program Files (x86)\Atollic\TrueSTUDIO for ARM 6.0.0\ide\jre\bin\java -jar C:\Program Files (x86)\Atollic\TrueSTUDIO for ARM 6.0.0\Tools\arm-atollic-reports.jar sizeinfo list vrs_cv2.elf 
Generate build reports...
Print size information
   text	   data	    bss	    dec	    hex	filename
   1248	      8	   1052	   2308	    904	vrs_cv2.elf
Print size information done
Generate listing file
Output sent to: vrs_cv2.elf.list
Generate listing file done
Generate build reports done
Info: Nothing to build for vrs_cv2
11:26:24 **** Incremental Build of configuration Debug for project vrs_cv2 ****
Info: Internal Builder is used for build
arm-atollic-eabi-gcc -c -mthumb -mcpu=cortex-m3 -std=gnu11 -DSTM32L1XX_HD -DUSE_STDPERIPH_DRIVER -I../src -I..\Libraries\STM32L1xx_StdPeriph_Driver\inc -I..\Libraries\CMSIS\Include -I..\Libraries\CMSIS\Device\ST\STM32L1xx\Include -O0 -ffunction-sections -fdata-sections -g -Wall -o src\main.o ..\src\main.c 
arm-atollic-eabi-gcc Libraries\STM32L1xx_StdPeriph_Driver\src\misc.o Libraries\STM32L1xx_StdPeriph_Driver\src\stm32l1xx_adc.o Libraries\STM32L1xx_StdPeriph_Driver\src\stm32l1xx_aes.o Libraries\STM32L1xx_StdPeriph_Driver\src\stm32l1xx_aes_util.o Libraries\STM32L1xx_StdPeriph_Driver\src\stm32l1xx_comp.o Libraries\STM32L1xx_StdPeriph_Driver\src\stm32l1xx_crc.o Libraries\STM32L1xx_StdPeriph_Driver\src\stm32l1xx_dac.o Libraries\STM32L1xx_StdPeriph_Driver\src\stm32l1xx_dbgmcu.o Libraries\STM32L1xx_StdPeriph_Driver\src\stm32l1xx_dma.o Libraries\STM32L1xx_StdPeriph_Driver\src\stm32l1xx_exti.o Libraries\STM32L1xx_StdPeriph_Driver\src\stm32l1xx_flash.o Libraries\STM32L1xx_StdPeriph_Driver\src\stm32l1xx_flash_ramfunc.o Libraries\STM32L1xx_StdPeriph_Driver\src\stm32l1xx_fsmc.o Libraries\STM32L1xx_StdPeriph_Driver\src\stm32l1xx_gpio.o Libraries\STM32L1xx_StdPeriph_Driver\src\stm32l1xx_i2c.o Libraries\STM32L1xx_StdPeriph_Driver\src\stm32l1xx_iwdg.o Libraries\STM32L1xx_StdPeriph_Driver\src\stm32l1xx_lcd.o Libraries\STM32L1xx_StdPeriph_Driver\src\stm32l1xx_opamp.o Libraries\STM32L1xx_StdPeriph_Driver\src\stm32l1xx_pwr.o Libraries\STM32L1xx_StdPeriph_Driver\src\stm32l1xx_rcc.o Libraries\STM32L1xx_StdPeriph_Driver\src\stm32l1xx_rtc.o Libraries\STM32L1xx_StdPeriph_Driver\src\stm32l1xx_sdio.o Libraries\STM32L1xx_StdPeriph_Driver\src\stm32l1xx_spi.o Libraries\STM32L1xx_StdPeriph_Driver\src\stm32l1xx_syscfg.o Libraries\STM32L1xx_StdPeriph_Driver\src\stm32l1xx_tim.o Libraries\STM32L1xx_StdPeriph_Driver\src\stm32l1xx_usart.o Libraries\STM32L1xx_StdPeriph_Driver\src\stm32l1xx_wwdg.o src\main.o src\startup_stm32l1xx_hd.o src\stm32l1xx_it.o src\system_stm32l1xx.o src\tiny_printf.o -o vrs_cv2.elf -mthumb -mcpu=cortex-m3 -T..\stm32_flash.ld -Wl,--start-group -lc -lm -Wl,--end-group -specs=nano.specs -specs=nosys.specs -static -Wl,-cref,-u,Reset_Handler -Wl,-Map=vrs_cv2.map -Wl,--gc-sections -Wl,--defsym=malloc_getpagesize_P=0x80 
C:\Program Files (x86)\Atollic\TrueSTUDIO for ARM 6.0.0\ide\jre\bin\java -jar C:\Program Files (x86)\Atollic\TrueSTUDIO for ARM 6.0.0\Tools\arm-atollic-reports.jar sizeinfo list vrs_cv2.elf 
Generate build reports...
Print size information
   text	   data	    bss	    dec	    hex	filename
   1244	      8	   1052	   2304	    900	vrs_cv2.elf
Print size information done
Generate listing file
Output sent to: vrs_cv2.elf.list
Generate listing file done
Generate build reports done
Info: Nothing to build for vrs_cv2
11:31:44 **** Incremental Build of configuration Debug for project vrs_cv2 ****
Info: Internal Builder is used for build
arm-atollic-eabi-gcc -c -mthumb -mcpu=cortex-m3 -std=gnu11 -DSTM32L1XX_HD -DUSE_STDPERIPH_DRIVER -I../src -I..\Libraries\STM32L1xx_StdPeriph_Driver\inc -I..\Libraries\CMSIS\Include -I..\Libraries\CMSIS\Device\ST\STM32L1xx\Include -O0 -ffunction-sections -fdata-sections -g -Wall -o src\main.o ..\src\main.c 
arm-atollic-eabi-gcc Libraries\STM32L1xx_StdPeriph_Driver\src\misc.o Libraries\STM32L1xx_StdPeriph_Driver\src\stm32l1xx_adc.o Libraries\STM32L1xx_StdPeriph_Driver\src\stm32l1xx_aes.o Libraries\STM32L1xx_StdPeriph_Driver\src\stm32l1xx_aes_util.o Libraries\STM32L1xx_StdPeriph_Driver\src\stm32l1xx_comp.o Libraries\STM32L1xx_StdPeriph_Driver\src\stm32l1xx_crc.o Libraries\STM32L1xx_StdPeriph_Driver\src\stm32l1xx_dac.o Libraries\STM32L1xx_StdPeriph_Driver\src\stm32l1xx_dbgmcu.o Libraries\STM32L1xx_StdPeriph_Driver\src\stm32l1xx_dma.o Libraries\STM32L1xx_StdPeriph_Driver\src\stm32l1xx_exti.o Libraries\STM32L1xx_StdPeriph_Driver\src\stm32l1xx_flash.o Libraries\STM32L1xx_StdPeriph_Driver\src\stm32l1xx_flash_ramfunc.o Libraries\STM32L1xx_StdPeriph_Driver\src\stm32l1xx_fsmc.o Libraries\STM32L1xx_StdPeriph_Driver\src\stm32l1xx_gpio.o Libraries\STM32L1xx_StdPeriph_Driver\src\stm32l1xx_i2c.o Libraries\STM32L1xx_StdPeriph_Driver\src\stm32l1xx_iwdg.o Libraries\STM32L1xx_StdPeriph_Driver\src\stm32l1xx_lcd.o Libraries\STM32L1xx_StdPeriph_Driver\src\stm32l1xx_opamp.o Libraries\STM32L1xx_StdPeriph_Driver\src\stm32l1xx_pwr.o Libraries\STM32L1xx_StdPeriph_Driver\src\stm32l1xx_rcc.o Libraries\STM32L1xx_StdPeriph_Driver\src\stm32l1xx_rtc.o Libraries\STM32L1xx_StdPeriph_Driver\src\stm32l1xx_sdio.o Libraries\STM32L1xx_StdPeriph_Driver\src\stm32l1xx_spi.o Libraries\STM32L1xx_StdPeriph_Driver\src\stm32l1xx_syscfg.o Libraries\STM32L1xx_StdPeriph_Driver\src\stm32l1xx_tim.o Libraries\STM32L1xx_StdPeriph_Driver\src\stm32l1xx_usart.o Libraries\STM32L1xx_StdPeriph_Driver\src\stm32l1xx_wwdg.o src\main.o src\startup_stm32l1xx_hd.o src\stm32l1xx_it.o src\system_stm32l1xx.o src\tiny_printf.o -o vrs_cv2.elf -mthumb -mcpu=cortex-m3 -T..\stm32_flash.ld -Wl,--start-group -lc -lm -Wl,--end-group -specs=nano.specs -specs=nosys.specs -static -Wl,-cref,-u,Reset_Handler -Wl,-Map=vrs_cv2.map -Wl,--gc-sections -Wl,--defsym=malloc_getpagesize_P=0x80 
C:\Program Files (x86)\Atollic\TrueSTUDIO for ARM 6.0.0\ide\jre\bin\java -jar C:\Program Files (x86)\Atollic\TrueSTUDIO for ARM 6.0.0\Tools\arm-atollic-reports.jar sizeinfo list vrs_cv2.elf 
Generate build reports...
Print size information
   text	   data	    bss	    dec	    hex	filename
   1244	      8	   1052	   2304	    900	vrs_cv2.elf
Print size information done
Generate listing file
Output sent to: vrs_cv2.elf.list
Generate listing file done
Generate build reports done
11:34:08 **** Incremental Build of configuration Debug for project vrs_cv2 ****
Info: Internal Builder is used for build
arm-atollic-eabi-gcc -c -mthumb -mcpu=cortex-m3 -std=gnu11 -DSTM32L1XX_HD -DUSE_STDPERIPH_DRIVER -I../src -I..\Libraries\STM32L1xx_StdPeriph_Driver\inc -I..\Libraries\CMSIS\Include -I..\Libraries\CMSIS\Device\ST\STM32L1xx\Include -O0 -ffunction-sections -fdata-sections -g -Wall -o src\main.o ..\src\main.c 
..\src\main.c: In function 'main':
..\src\main.c:85:10: error: expected expression before '->' token
  if GPIOA->ODR5 == 1
          ^
11:39:06 **** Incremental Build of configuration Debug for project vrs_cv2 ****
Info: Internal Builder is used for build
arm-atollic-eabi-gcc -c -mthumb -mcpu=cortex-m3 -std=gnu11 -DSTM32L1XX_HD -DUSE_STDPERIPH_DRIVER -I../src -I..\Libraries\STM32L1xx_StdPeriph_Driver\inc -I..\Libraries\CMSIS\Include -I..\Libraries\CMSIS\Device\ST\STM32L1xx\Include -O0 -ffunction-sections -fdata-sections -g -Wall -o src\main.o ..\src\main.c 
..\src\main.c: In function 'main':
..\src\main.c:85:13: error: expected ';' before '~' token
  GPIOA->ODR ~= ODR;
             ^
11:39:24 **** Incremental Build of configuration Debug for project vrs_cv2 ****
Info: Internal Builder is used for build
arm-atollic-eabi-gcc -c -mthumb -mcpu=cortex-m3 -std=gnu11 -DSTM32L1XX_HD -DUSE_STDPERIPH_DRIVER -I../src -I..\Libraries\STM32L1xx_StdPeriph_Driver\inc -I..\Libraries\CMSIS\Include -I..\Libraries\CMSIS\Device\ST\STM32L1xx\Include -O0 -ffunction-sections -fdata-sections -g -Wall -o src\main.o ..\src\main.c 
..\src\main.c: In function 'main':
..\src\main.c:85:16: error: 'ODR' undeclared (first use in this function)
  GPIOA->ODR = ~ODR;
                ^
..\src\main.c:85:16: note: each undeclared identifier is reported only once for each function it appears in
11:39:38 **** Incremental Build of configuration Debug for project vrs_cv2 ****
Info: Internal Builder is used for build
arm-atollic-eabi-gcc -c -mthumb -mcpu=cortex-m3 -std=gnu11 -DSTM32L1XX_HD -DUSE_STDPERIPH_DRIVER -I../src -I..\Libraries\STM32L1xx_StdPeriph_Driver\inc -I..\Libraries\CMSIS\Include -I..\Libraries\CMSIS\Device\ST\STM32L1xx\Include -O0 -ffunction-sections -fdata-sections -g -Wall -o src\main.o ..\src\main.c 
arm-atollic-eabi-gcc Libraries\STM32L1xx_StdPeriph_Driver\src\misc.o Libraries\STM32L1xx_StdPeriph_Driver\src\stm32l1xx_adc.o Libraries\STM32L1xx_StdPeriph_Driver\src\stm32l1xx_aes.o Libraries\STM32L1xx_StdPeriph_Driver\src\stm32l1xx_aes_util.o Libraries\STM32L1xx_StdPeriph_Driver\src\stm32l1xx_comp.o Libraries\STM32L1xx_StdPeriph_Driver\src\stm32l1xx_crc.o Libraries\STM32L1xx_StdPeriph_Driver\src\stm32l1xx_dac.o Libraries\STM32L1xx_StdPeriph_Driver\src\stm32l1xx_dbgmcu.o Libraries\STM32L1xx_StdPeriph_Driver\src\stm32l1xx_dma.o Libraries\STM32L1xx_StdPeriph_Driver\src\stm32l1xx_exti.o Libraries\STM32L1xx_StdPeriph_Driver\src\stm32l1xx_flash.o Libraries\STM32L1xx_StdPeriph_Driver\src\stm32l1xx_flash_ramfunc.o Libraries\STM32L1xx_StdPeriph_Driver\src\stm32l1xx_fsmc.o Libraries\STM32L1xx_StdPeriph_Driver\src\stm32l1xx_gpio.o Libraries\STM32L1xx_StdPeriph_Driver\src\stm32l1xx_i2c.o Libraries\STM32L1xx_StdPeriph_Driver\src\stm32l1xx_iwdg.o Libraries\STM32L1xx_StdPeriph_Driver\src\stm32l1xx_lcd.o Libraries\STM32L1xx_StdPeriph_Driver\src\stm32l1xx_opamp.o Libraries\STM32L1xx_StdPeriph_Driver\src\stm32l1xx_pwr.o Libraries\STM32L1xx_StdPeriph_Driver\src\stm32l1xx_rcc.o Libraries\STM32L1xx_StdPeriph_Driver\src\stm32l1xx_rtc.o Libraries\STM32L1xx_StdPeriph_Driver\src\stm32l1xx_sdio.o Libraries\STM32L1xx_StdPeriph_Driver\src\stm32l1xx_spi.o Libraries\STM32L1xx_StdPeriph_Driver\src\stm32l1xx_syscfg.o Libraries\STM32L1xx_StdPeriph_Driver\src\stm32l1xx_tim.o Libraries\STM32L1xx_StdPeriph_Driver\src\stm32l1xx_usart.o Libraries\STM32L1xx_StdPeriph_Driver\src\stm32l1xx_wwdg.o src\main.o src\startup_stm32l1xx_hd.o src\stm32l1xx_it.o src\system_stm32l1xx.o src\tiny_printf.o -o vrs_cv2.elf -mthumb -mcpu=cortex-m3 -T..\stm32_flash.ld -Wl,--start-group -lc -lm -Wl,--end-group -specs=nano.specs -specs=nosys.specs -static -Wl,-cref,-u,Reset_Handler -Wl,-Map=vrs_cv2.map -Wl,--gc-sections -Wl,--defsym=malloc_getpagesize_P=0x80 
C:\Program Files (x86)\Atollic\TrueSTUDIO for ARM 6.0.0\ide\jre\bin\java -jar C:\Program Files (x86)\Atollic\TrueSTUDIO for ARM 6.0.0\Tools\arm-atollic-reports.jar sizeinfo list vrs_cv2.elf 
Generate build reports...
Print size information
   text	   data	    bss	    dec	    hex	filename
   1256	      8	   1052	   2316	    90c	vrs_cv2.elf
Print size information done
Generate listing file
Output sent to: vrs_cv2.elf.list
Generate listing file done
Generate build reports done
11:40:11 **** Incremental Build of configuration Debug for project vrs_cv2 ****
Info: Internal Builder is used for build
arm-atollic-eabi-gcc -c -mthumb -mcpu=cortex-m3 -std=gnu11 -DSTM32L1XX_HD -DUSE_STDPERIPH_DRIVER -I../src -I..\Libraries\STM32L1xx_StdPeriph_Driver\inc -I..\Libraries\CMSIS\Include -I..\Libraries\CMSIS\Device\ST\STM32L1xx\Include -O0 -ffunction-sections -fdata-sections -g -Wall -o src\main.o ..\src\main.c 
arm-atollic-eabi-gcc Libraries\STM32L1xx_StdPeriph_Driver\src\misc.o Libraries\STM32L1xx_StdPeriph_Driver\src\stm32l1xx_adc.o Libraries\STM32L1xx_StdPeriph_Driver\src\stm32l1xx_aes.o Libraries\STM32L1xx_StdPeriph_Driver\src\stm32l1xx_aes_util.o Libraries\STM32L1xx_StdPeriph_Driver\src\stm32l1xx_comp.o Libraries\STM32L1xx_StdPeriph_Driver\src\stm32l1xx_crc.o Libraries\STM32L1xx_StdPeriph_Driver\src\stm32l1xx_dac.o Libraries\STM32L1xx_StdPeriph_Driver\src\stm32l1xx_dbgmcu.o Libraries\STM32L1xx_StdPeriph_Driver\src\stm32l1xx_dma.o Libraries\STM32L1xx_StdPeriph_Driver\src\stm32l1xx_exti.o Libraries\STM32L1xx_StdPeriph_Driver\src\stm32l1xx_flash.o Libraries\STM32L1xx_StdPeriph_Driver\src\stm32l1xx_flash_ramfunc.o Libraries\STM32L1xx_StdPeriph_Driver\src\stm32l1xx_fsmc.o Libraries\STM32L1xx_StdPeriph_Driver\src\stm32l1xx_gpio.o Libraries\STM32L1xx_StdPeriph_Driver\src\stm32l1xx_i2c.o Libraries\STM32L1xx_StdPeriph_Driver\src\stm32l1xx_iwdg.o Libraries\STM32L1xx_StdPeriph_Driver\src\stm32l1xx_lcd.o Libraries\STM32L1xx_StdPeriph_Driver\src\stm32l1xx_opamp.o Libraries\STM32L1xx_StdPeriph_Driver\src\stm32l1xx_pwr.o Libraries\STM32L1xx_StdPeriph_Driver\src\stm32l1xx_rcc.o Libraries\STM32L1xx_StdPeriph_Driver\src\stm32l1xx_rtc.o Libraries\STM32L1xx_StdPeriph_Driver\src\stm32l1xx_sdio.o Libraries\STM32L1xx_StdPeriph_Driver\src\stm32l1xx_spi.o Libraries\STM32L1xx_StdPeriph_Driver\src\stm32l1xx_syscfg.o Libraries\STM32L1xx_StdPeriph_Driver\src\stm32l1xx_tim.o Libraries\STM32L1xx_StdPeriph_Driver\src\stm32l1xx_usart.o Libraries\STM32L1xx_StdPeriph_Driver\src\stm32l1xx_wwdg.o src\main.o src\startup_stm32l1xx_hd.o src\stm32l1xx_it.o src\system_stm32l1xx.o src\tiny_printf.o -o vrs_cv2.elf -mthumb -mcpu=cortex-m3 -T..\stm32_flash.ld -Wl,--start-group -lc -lm -Wl,--end-group -specs=nano.specs -specs=nosys.specs -static -Wl,-cref,-u,Reset_Handler -Wl,-Map=vrs_cv2.map -Wl,--gc-sections -Wl,--defsym=malloc_getpagesize_P=0x80 
C:\Program Files (x86)\Atollic\TrueSTUDIO for ARM 6.0.0\ide\jre\bin\java -jar C:\Program Files (x86)\Atollic\TrueSTUDIO for ARM 6.0.0\Tools\arm-atollic-reports.jar sizeinfo list vrs_cv2.elf 
Generate build reports...
Print size information
   text	   data	    bss	    dec	    hex	filename
   1272	      8	   1052	   2332	    91c	vrs_cv2.elf
Print size information done
Generate listing file
Output sent to: vrs_cv2.elf.list
Generate listing file done
Generate build reports done
11:43:13 **** Incremental Build of configuration Debug for project vrs_cv2 ****
Info: Internal Builder is used for build
arm-atollic-eabi-gcc -c -mthumb -mcpu=cortex-m3 -std=gnu11 -DSTM32L1XX_HD -DUSE_STDPERIPH_DRIVER -I../src -I..\Libraries\STM32L1xx_StdPeriph_Driver\inc -I..\Libraries\CMSIS\Include -I..\Libraries\CMSIS\Device\ST\STM32L1xx\Include -O0 -ffunction-sections -fdata-sections -g -Wall -o src\main.o ..\src\main.c 
arm-atollic-eabi-gcc Libraries\STM32L1xx_StdPeriph_Driver\src\misc.o Libraries\STM32L1xx_StdPeriph_Driver\src\stm32l1xx_adc.o Libraries\STM32L1xx_StdPeriph_Driver\src\stm32l1xx_aes.o Libraries\STM32L1xx_StdPeriph_Driver\src\stm32l1xx_aes_util.o Libraries\STM32L1xx_StdPeriph_Driver\src\stm32l1xx_comp.o Libraries\STM32L1xx_StdPeriph_Driver\src\stm32l1xx_crc.o Libraries\STM32L1xx_StdPeriph_Driver\src\stm32l1xx_dac.o Libraries\STM32L1xx_StdPeriph_Driver\src\stm32l1xx_dbgmcu.o Libraries\STM32L1xx_StdPeriph_Driver\src\stm32l1xx_dma.o Libraries\STM32L1xx_StdPeriph_Driver\src\stm32l1xx_exti.o Libraries\STM32L1xx_StdPeriph_Driver\src\stm32l1xx_flash.o Libraries\STM32L1xx_StdPeriph_Driver\src\stm32l1xx_flash_ramfunc.o Libraries\STM32L1xx_StdPeriph_Driver\src\stm32l1xx_fsmc.o Libraries\STM32L1xx_StdPeriph_Driver\src\stm32l1xx_gpio.o Libraries\STM32L1xx_StdPeriph_Driver\src\stm32l1xx_i2c.o Libraries\STM32L1xx_StdPeriph_Driver\src\stm32l1xx_iwdg.o Libraries\STM32L1xx_StdPeriph_Driver\src\stm32l1xx_lcd.o Libraries\STM32L1xx_StdPeriph_Driver\src\stm32l1xx_opamp.o Libraries\STM32L1xx_StdPeriph_Driver\src\stm32l1xx_pwr.o Libraries\STM32L1xx_StdPeriph_Driver\src\stm32l1xx_rcc.o Libraries\STM32L1xx_StdPeriph_Driver\src\stm32l1xx_rtc.o Libraries\STM32L1xx_StdPeriph_Driver\src\stm32l1xx_sdio.o Libraries\STM32L1xx_StdPeriph_Driver\src\stm32l1xx_spi.o Libraries\STM32L1xx_StdPeriph_Driver\src\stm32l1xx_syscfg.o Libraries\STM32L1xx_StdPeriph_Driver\src\stm32l1xx_tim.o Libraries\STM32L1xx_StdPeriph_Driver\src\stm32l1xx_usart.o Libraries\STM32L1xx_StdPeriph_Driver\src\stm32l1xx_wwdg.o src\main.o src\startup_stm32l1xx_hd.o src\stm32l1xx_it.o src\system_stm32l1xx.o src\tiny_printf.o -o vrs_cv2.elf -mthumb -mcpu=cortex-m3 -T..\stm32_flash.ld -Wl,--start-group -lc -lm -Wl,--end-group -specs=nano.specs -specs=nosys.specs -static -Wl,-cref,-u,Reset_Handler -Wl,-Map=vrs_cv2.map -Wl,--gc-sections -Wl,--defsym=malloc_getpagesize_P=0x80 
C:\Program Files (x86)\Atollic\TrueSTUDIO for ARM 6.0.0\ide\jre\bin\java -jar C:\Program Files (x86)\Atollic\TrueSTUDIO for ARM 6.0.0\Tools\arm-atollic-reports.jar sizeinfo list vrs_cv2.elf 
Generate build reports...
Print size information
   text	   data	    bss	    dec	    hex	filename
   1276	      8	   1052	   2336	    920	vrs_cv2.elf
Print size information done
Generate listing file
Output sent to: vrs_cv2.elf.list
Generate listing file done
Generate build reports done
Info: Nothing to build for vrs_cv2
10:39:19 **** Incremental Build of configuration Debug for project vrs_cv2 ****
Info: Internal Builder is used for build
arm-atollic-eabi-gcc -c -mthumb -mcpu=cortex-m3 -std=gnu11 -DSTM32L1XX_HD -DUSE_STDPERIPH_DRIVER -I../src -I..\Libraries\STM32L1xx_StdPeriph_Driver\inc -I..\Libraries\CMSIS\Include -I..\Libraries\CMSIS\Device\ST\STM32L1xx\Include -O0 -ffunction-sections -fdata-sections -g -Wall -o src\main.o ..\src\main.c 
..\src\main.c: In function 'main':
..\src\main.c:81:8: warning: variable 'BUTTON' set but not used [-Wunused-but-set-variable]
   bool BUTTON;
        ^
arm-atollic-eabi-gcc Libraries\STM32L1xx_StdPeriph_Driver\src\misc.o Libraries\STM32L1xx_StdPeriph_Driver\src\stm32l1xx_adc.o Libraries\STM32L1xx_StdPeriph_Driver\src\stm32l1xx_aes.o Libraries\STM32L1xx_StdPeriph_Driver\src\stm32l1xx_aes_util.o Libraries\STM32L1xx_StdPeriph_Driver\src\stm32l1xx_comp.o Libraries\STM32L1xx_StdPeriph_Driver\src\stm32l1xx_crc.o Libraries\STM32L1xx_StdPeriph_Driver\src\stm32l1xx_dac.o Libraries\STM32L1xx_StdPeriph_Driver\src\stm32l1xx_dbgmcu.o Libraries\STM32L1xx_StdPeriph_Driver\src\stm32l1xx_dma.o Libraries\STM32L1xx_StdPeriph_Driver\src\stm32l1xx_exti.o Libraries\STM32L1xx_StdPeriph_Driver\src\stm32l1xx_flash.o Libraries\STM32L1xx_StdPeriph_Driver\src\stm32l1xx_flash_ramfunc.o Libraries\STM32L1xx_StdPeriph_Driver\src\stm32l1xx_fsmc.o Libraries\STM32L1xx_StdPeriph_Driver\src\stm32l1xx_gpio.o Libraries\STM32L1xx_StdPeriph_Driver\src\stm32l1xx_i2c.o Libraries\STM32L1xx_StdPeriph_Driver\src\stm32l1xx_iwdg.o Libraries\STM32L1xx_StdPeriph_Driver\src\stm32l1xx_lcd.o Libraries\STM32L1xx_StdPeriph_Driver\src\stm32l1xx_opamp.o Libraries\STM32L1xx_StdPeriph_Driver\src\stm32l1xx_pwr.o Libraries\STM32L1xx_StdPeriph_Driver\src\stm32l1xx_rcc.o Libraries\STM32L1xx_StdPeriph_Driver\src\stm32l1xx_rtc.o Libraries\STM32L1xx_StdPeriph_Driver\src\stm32l1xx_sdio.o Libraries\STM32L1xx_StdPeriph_Driver\src\stm32l1xx_spi.o Libraries\STM32L1xx_StdPeriph_Driver\src\stm32l1xx_syscfg.o Libraries\STM32L1xx_StdPeriph_Driver\src\stm32l1xx_tim.o Libraries\STM32L1xx_StdPeriph_Driver\src\stm32l1xx_usart.o Libraries\STM32L1xx_StdPeriph_Driver\src\stm32l1xx_wwdg.o src\main.o src\startup_stm32l1xx_hd.o src\stm32l1xx_it.o src\system_stm32l1xx.o src\tiny_printf.o -o vrs_cv2.elf -mthumb -mcpu=cortex-m3 -T..\stm32_flash.ld -Wl,--start-group -lc -lm -Wl,--end-group -specs=nano.specs -specs=nosys.specs -static -Wl,-cref,-u,Reset_Handler -Wl,-Map=vrs_cv2.map -Wl,--gc-sections -Wl,--defsym=malloc_getpagesize_P=0x80 
C:\Program Files (x86)\Atollic\TrueSTUDIO for ARM 6.0.0\ide\jre\bin\java -jar C:\Program Files (x86)\Atollic\TrueSTUDIO for ARM 6.0.0\Tools\arm-atollic-reports.jar sizeinfo list vrs_cv2.elf 
Generate build reports...
Print size information
   text	   data	    bss	    dec	    hex	filename
   1272	      8	   1052	   2332	    91c	vrs_cv2.elf
Print size information done
Generate listing file
Output sent to: vrs_cv2.elf.list
Generate listing file done
Generate build reports done
Info: Nothing to build for vrs_cv2
10:43:38 **** Incremental Build of configuration Debug for project vrs_cv2 ****
Info: Internal Builder is used for build
arm-atollic-eabi-gcc -c -mthumb -mcpu=cortex-m3 -std=gnu11 -DSTM32L1XX_HD -DUSE_STDPERIPH_DRIVER -I../src -I..\Libraries\STM32L1xx_StdPeriph_Driver\inc -I..\Libraries\CMSIS\Include -I..\Libraries\CMSIS\Device\ST\STM32L1xx\Include -O0 -ffunction-sections -fdata-sections -g -Wall -o src\main.o ..\src\main.c 
..\src\main.c: In function 'main':
..\src\main.c:81:8: warning: variable 'BUTTON' set but not used [-Wunused-but-set-variable]
   bool BUTTON;
        ^
arm-atollic-eabi-gcc Libraries\STM32L1xx_StdPeriph_Driver\src\misc.o Libraries\STM32L1xx_StdPeriph_Driver\src\stm32l1xx_adc.o Libraries\STM32L1xx_StdPeriph_Driver\src\stm32l1xx_aes.o Libraries\STM32L1xx_StdPeriph_Driver\src\stm32l1xx_aes_util.o Libraries\STM32L1xx_StdPeriph_Driver\src\stm32l1xx_comp.o Libraries\STM32L1xx_StdPeriph_Driver\src\stm32l1xx_crc.o Libraries\STM32L1xx_StdPeriph_Driver\src\stm32l1xx_dac.o Libraries\STM32L1xx_StdPeriph_Driver\src\stm32l1xx_dbgmcu.o Libraries\STM32L1xx_StdPeriph_Driver\src\stm32l1xx_dma.o Libraries\STM32L1xx_StdPeriph_Driver\src\stm32l1xx_exti.o Libraries\STM32L1xx_StdPeriph_Driver\src\stm32l1xx_flash.o Libraries\STM32L1xx_StdPeriph_Driver\src\stm32l1xx_flash_ramfunc.o Libraries\STM32L1xx_StdPeriph_Driver\src\stm32l1xx_fsmc.o Libraries\STM32L1xx_StdPeriph_Driver\src\stm32l1xx_gpio.o Libraries\STM32L1xx_StdPeriph_Driver\src\stm32l1xx_i2c.o Libraries\STM32L1xx_StdPeriph_Driver\src\stm32l1xx_iwdg.o Libraries\STM32L1xx_StdPeriph_Driver\src\stm32l1xx_lcd.o Libraries\STM32L1xx_StdPeriph_Driver\src\stm32l1xx_opamp.o Libraries\STM32L1xx_StdPeriph_Driver\src\stm32l1xx_pwr.o Libraries\STM32L1xx_StdPeriph_Driver\src\stm32l1xx_rcc.o Libraries\STM32L1xx_StdPeriph_Driver\src\stm32l1xx_rtc.o Libraries\STM32L1xx_StdPeriph_Driver\src\stm32l1xx_sdio.o Libraries\STM32L1xx_StdPeriph_Driver\src\stm32l1xx_spi.o Libraries\STM32L1xx_StdPeriph_Driver\src\stm32l1xx_syscfg.o Libraries\STM32L1xx_StdPeriph_Driver\src\stm32l1xx_tim.o Libraries\STM32L1xx_StdPeriph_Driver\src\stm32l1xx_usart.o Libraries\STM32L1xx_StdPeriph_Driver\src\stm32l1xx_wwdg.o src\main.o src\startup_stm32l1xx_hd.o src\stm32l1xx_it.o src\system_stm32l1xx.o src\tiny_printf.o -o vrs_cv2.elf -mthumb -mcpu=cortex-m3 -T..\stm32_flash.ld -Wl,--start-group -lc -lm -Wl,--end-group -specs=nano.specs -specs=nosys.specs -static -Wl,-cref,-u,Reset_Handler -Wl,-Map=vrs_cv2.map -Wl,--gc-sections -Wl,--defsym=malloc_getpagesize_P=0x80 
C:\Program Files (x86)\Atollic\TrueSTUDIO for ARM 6.0.0\ide\jre\bin\java -jar C:\Program Files (x86)\Atollic\TrueSTUDIO for ARM 6.0.0\Tools\arm-atollic-reports.jar sizeinfo list vrs_cv2.elf 
Generate build reports...
Print size information
   text	   data	    bss	    dec	    hex	filename
   1256	      8	   1052	   2316	    90c	vrs_cv2.elf
Print size information done
Generate listing file
Output sent to: vrs_cv2.elf.list
Generate listing file done
Generate build reports done
10:44:41 **** Incremental Build of configuration Debug for project vrs_cv2 ****
Info: Internal Builder is used for build
arm-atollic-eabi-gcc -c -mthumb -mcpu=cortex-m3 -std=gnu11 -DSTM32L1XX_HD -DUSE_STDPERIPH_DRIVER -I../src -I..\Libraries\STM32L1xx_StdPeriph_Driver\inc -I..\Libraries\CMSIS\Include -I..\Libraries\CMSIS\Device\ST\STM32L1xx\Include -O0 -ffunction-sections -fdata-sections -g -Wall -o src\main.o ..\src\main.c 
..\src\main.c: In function 'main':
..\src\main.c:81:8: warning: variable 'BUTTON' set but not used [-Wunused-but-set-variable]
   bool BUTTON;
        ^
arm-atollic-eabi-gcc Libraries\STM32L1xx_StdPeriph_Driver\src\misc.o Libraries\STM32L1xx_StdPeriph_Driver\src\stm32l1xx_adc.o Libraries\STM32L1xx_StdPeriph_Driver\src\stm32l1xx_aes.o Libraries\STM32L1xx_StdPeriph_Driver\src\stm32l1xx_aes_util.o Libraries\STM32L1xx_StdPeriph_Driver\src\stm32l1xx_comp.o Libraries\STM32L1xx_StdPeriph_Driver\src\stm32l1xx_crc.o Libraries\STM32L1xx_StdPeriph_Driver\src\stm32l1xx_dac.o Libraries\STM32L1xx_StdPeriph_Driver\src\stm32l1xx_dbgmcu.o Libraries\STM32L1xx_StdPeriph_Driver\src\stm32l1xx_dma.o Libraries\STM32L1xx_StdPeriph_Driver\src\stm32l1xx_exti.o Libraries\STM32L1xx_StdPeriph_Driver\src\stm32l1xx_flash.o Libraries\STM32L1xx_StdPeriph_Driver\src\stm32l1xx_flash_ramfunc.o Libraries\STM32L1xx_StdPeriph_Driver\src\stm32l1xx_fsmc.o Libraries\STM32L1xx_StdPeriph_Driver\src\stm32l1xx_gpio.o Libraries\STM32L1xx_StdPeriph_Driver\src\stm32l1xx_i2c.o Libraries\STM32L1xx_StdPeriph_Driver\src\stm32l1xx_iwdg.o Libraries\STM32L1xx_StdPeriph_Driver\src\stm32l1xx_lcd.o Libraries\STM32L1xx_StdPeriph_Driver\src\stm32l1xx_opamp.o Libraries\STM32L1xx_StdPeriph_Driver\src\stm32l1xx_pwr.o Libraries\STM32L1xx_StdPeriph_Driver\src\stm32l1xx_rcc.o Libraries\STM32L1xx_StdPeriph_Driver\src\stm32l1xx_rtc.o Libraries\STM32L1xx_StdPeriph_Driver\src\stm32l1xx_sdio.o Libraries\STM32L1xx_StdPeriph_Driver\src\stm32l1xx_spi.o Libraries\STM32L1xx_StdPeriph_Driver\src\stm32l1xx_syscfg.o Libraries\STM32L1xx_StdPeriph_Driver\src\stm32l1xx_tim.o Libraries\STM32L1xx_StdPeriph_Driver\src\stm32l1xx_usart.o Libraries\STM32L1xx_StdPeriph_Driver\src\stm32l1xx_wwdg.o src\main.o src\startup_stm32l1xx_hd.o src\stm32l1xx_it.o src\system_stm32l1xx.o src\tiny_printf.o -o vrs_cv2.elf -mthumb -mcpu=cortex-m3 -T..\stm32_flash.ld -Wl,--start-group -lc -lm -Wl,--end-group -specs=nano.specs -specs=nosys.specs -static -Wl,-cref,-u,Reset_Handler -Wl,-Map=vrs_cv2.map -Wl,--gc-sections -Wl,--defsym=malloc_getpagesize_P=0x80 
C:\Program Files (x86)\Atollic\TrueSTUDIO for ARM 6.0.0\ide\jre\bin\java -jar C:\Program Files (x86)\Atollic\TrueSTUDIO for ARM 6.0.0\Tools\arm-atollic-reports.jar sizeinfo list vrs_cv2.elf 
Generate build reports...
Print size information
   text	   data	    bss	    dec	    hex	filename
   1272	      8	   1052	   2332	    91c	vrs_cv2.elf
Print size information done
Generate listing file
Output sent to: vrs_cv2.elf.list
Generate listing file done
Generate build reports done
10:47:19 **** Incremental Build of configuration Debug for project vrs_cv2 ****
Info: Internal Builder is used for build
arm-atollic-eabi-gcc -c -mthumb -mcpu=cortex-m3 -std=gnu11 -DSTM32L1XX_HD -DUSE_STDPERIPH_DRIVER -I../src -I..\Libraries\STM32L1xx_StdPeriph_Driver\inc -I..\Libraries\CMSIS\Include -I..\Libraries\CMSIS\Device\ST\STM32L1xx\Include -O0 -ffunction-sections -fdata-sections -g -Wall -o src\main.o ..\src\main.c 
..\src\main.c: In function 'main':
..\src\main.c:97:4: warning: implicit declaration of function 'printf' [-Wimplicit-function-declaration]
    printf("BUTTON je %B", &BUTTON)
    ^
..\src\main.c:97:4: warning: incompatible implicit declaration of built-in function 'printf'
..\src\main.c:97:4: note: include '<stdio.h>' or provide a declaration of 'printf'
..\src\main.c:97:11: warning: unknown conversion type character 'B' in format [-Wformat=]
    printf("BUTTON je %B", &BUTTON)
           ^
..\src\main.c:97:11: warning: too many arguments for format [-Wformat-extra-args]
..\src\main.c:98:2: error: expected ';' before '}' token
  }
  ^
..\src\main.c:101:4: warning: incompatible implicit declaration of built-in function 'printf'
    printf("BUTTON je %B", &BUTTON)
    ^
..\src\main.c:101:4: note: include '<stdio.h>' or provide a declaration of 'printf'
..\src\main.c:101:11: warning: unknown conversion type character 'B' in format [-Wformat=]
    printf("BUTTON je %B", &BUTTON)
           ^
..\src\main.c:101:11: warning: too many arguments for format [-Wformat-extra-args]
..\src\main.c:102:2: error: expected ';' before '}' token
  }
  ^
10:47:40 **** Incremental Build of configuration Debug for project vrs_cv2 ****
Info: Internal Builder is used for build
arm-atollic-eabi-gcc -c -mthumb -mcpu=cortex-m3 -std=gnu11 -DSTM32L1XX_HD -DUSE_STDPERIPH_DRIVER -I../src -I..\Libraries\STM32L1xx_StdPeriph_Driver\inc -I..\Libraries\CMSIS\Include -I..\Libraries\CMSIS\Device\ST\STM32L1xx\Include -O0 -ffunction-sections -fdata-sections -g -Wall -o src\main.o ..\src\main.c 
..\src\main.c: In function 'main':
..\src\main.c:97:4: warning: implicit declaration of function 'printf' [-Wimplicit-function-declaration]
    printf("BUTTON je %B", &BUTTON);
    ^
..\src\main.c:97:4: warning: incompatible implicit declaration of built-in function 'printf'
..\src\main.c:97:4: note: include '<stdio.h>' or provide a declaration of 'printf'
..\src\main.c:97:11: warning: unknown conversion type character 'B' in format [-Wformat=]
    printf("BUTTON je %B", &BUTTON);
           ^
..\src\main.c:97:11: warning: too many arguments for format [-Wformat-extra-args]
..\src\main.c:101:4: warning: incompatible implicit declaration of built-in function 'printf'
    printf("BUTTON je %B", &BUTTON);
    ^
..\src\main.c:101:4: note: include '<stdio.h>' or provide a declaration of 'printf'
..\src\main.c:101:11: warning: unknown conversion type character 'B' in format [-Wformat=]
    printf("BUTTON je %B", &BUTTON);
           ^
..\src\main.c:101:11: warning: too many arguments for format [-Wformat-extra-args]
arm-atollic-eabi-gcc Libraries\STM32L1xx_StdPeriph_Driver\src\misc.o Libraries\STM32L1xx_StdPeriph_Driver\src\stm32l1xx_adc.o Libraries\STM32L1xx_StdPeriph_Driver\src\stm32l1xx_aes.o Libraries\STM32L1xx_StdPeriph_Driver\src\stm32l1xx_aes_util.o Libraries\STM32L1xx_StdPeriph_Driver\src\stm32l1xx_comp.o Libraries\STM32L1xx_StdPeriph_Driver\src\stm32l1xx_crc.o Libraries\STM32L1xx_StdPeriph_Driver\src\stm32l1xx_dac.o Libraries\STM32L1xx_StdPeriph_Driver\src\stm32l1xx_dbgmcu.o Libraries\STM32L1xx_StdPeriph_Driver\src\stm32l1xx_dma.o Libraries\STM32L1xx_StdPeriph_Driver\src\stm32l1xx_exti.o Libraries\STM32L1xx_StdPeriph_Driver\src\stm32l1xx_flash.o Libraries\STM32L1xx_StdPeriph_Driver\src\stm32l1xx_flash_ramfunc.o Libraries\STM32L1xx_StdPeriph_Driver\src\stm32l1xx_fsmc.o Libraries\STM32L1xx_StdPeriph_Driver\src\stm32l1xx_gpio.o Libraries\STM32L1xx_StdPeriph_Driver\src\stm32l1xx_i2c.o Libraries\STM32L1xx_StdPeriph_Driver\src\stm32l1xx_iwdg.o Libraries\STM32L1xx_StdPeriph_Driver\src\stm32l1xx_lcd.o Libraries\STM32L1xx_StdPeriph_Driver\src\stm32l1xx_opamp.o Libraries\STM32L1xx_StdPeriph_Driver\src\stm32l1xx_pwr.o Libraries\STM32L1xx_StdPeriph_Driver\src\stm32l1xx_rcc.o Libraries\STM32L1xx_StdPeriph_Driver\src\stm32l1xx_rtc.o Libraries\STM32L1xx_StdPeriph_Driver\src\stm32l1xx_sdio.o Libraries\STM32L1xx_StdPeriph_Driver\src\stm32l1xx_spi.o Libraries\STM32L1xx_StdPeriph_Driver\src\stm32l1xx_syscfg.o Libraries\STM32L1xx_StdPeriph_Driver\src\stm32l1xx_tim.o Libraries\STM32L1xx_StdPeriph_Driver\src\stm32l1xx_usart.o Libraries\STM32L1xx_StdPeriph_Driver\src\stm32l1xx_wwdg.o src\main.o src\startup_stm32l1xx_hd.o src\stm32l1xx_it.o src\system_stm32l1xx.o src\tiny_printf.o -o vrs_cv2.elf -mthumb -mcpu=cortex-m3 -T..\stm32_flash.ld -Wl,--start-group -lc -lm -Wl,--end-group -specs=nano.specs -specs=nosys.specs -static -Wl,-cref,-u,Reset_Handler -Wl,-Map=vrs_cv2.map -Wl,--gc-sections -Wl,--defsym=malloc_getpagesize_P=0x80 
C:\Program Files (x86)\Atollic\TrueSTUDIO for ARM 6.0.0\ide\jre\bin\java -jar C:\Program Files (x86)\Atollic\TrueSTUDIO for ARM 6.0.0\Tools\arm-atollic-reports.jar sizeinfo list vrs_cv2.elf 
Generate build reports...
Print size information
   text	   data	    bss	    dec	    hex	filename
   2224	      8	   1056	   3288	    cd8	vrs_cv2.elf
Print size information done
Generate listing file
Output sent to: vrs_cv2.elf.list
Generate listing file done
Generate build reports done
Info: Nothing to build for vrs_cv2
10:50:15 **** Incremental Build of configuration Debug for project vrs_cv2 ****
Info: Internal Builder is used for build
arm-atollic-eabi-gcc -c -mthumb -mcpu=cortex-m3 -std=gnu11 -DSTM32L1XX_HD -DUSE_STDPERIPH_DRIVER -I../src -I..\Libraries\STM32L1xx_StdPeriph_Driver\inc -I..\Libraries\CMSIS\Include -I..\Libraries\CMSIS\Device\ST\STM32L1xx\Include -O0 -ffunction-sections -fdata-sections -g -Wall -o src\main.o ..\src\main.c 
..\src\main.c: In function 'main':
..\src\main.c:98:11: warning: unknown conversion type character 'B' in format [-Wformat=]
    printf("BUTTON je %B", &BUTTON);
           ^
..\src\main.c:98:11: warning: too many arguments for format [-Wformat-extra-args]
..\src\main.c:98:11: warning: unknown conversion type character 'B' in format [-Wformat=]
..\src\main.c:98:11: warning: too many arguments for format [-Wformat-extra-args]
..\src\main.c:102:11: warning: unknown conversion type character 'B' in format [-Wformat=]
    printf("BUTTON je %B", &BUTTON);
           ^
..\src\main.c:102:11: warning: too many arguments for format [-Wformat-extra-args]
..\src\main.c:102:11: warning: unknown conversion type character 'B' in format [-Wformat=]
..\src\main.c:102:11: warning: too many arguments for format [-Wformat-extra-args]
arm-atollic-eabi-gcc Libraries\STM32L1xx_StdPeriph_Driver\src\misc.o Libraries\STM32L1xx_StdPeriph_Driver\src\stm32l1xx_adc.o Libraries\STM32L1xx_StdPeriph_Driver\src\stm32l1xx_aes.o Libraries\STM32L1xx_StdPeriph_Driver\src\stm32l1xx_aes_util.o Libraries\STM32L1xx_StdPeriph_Driver\src\stm32l1xx_comp.o Libraries\STM32L1xx_StdPeriph_Driver\src\stm32l1xx_crc.o Libraries\STM32L1xx_StdPeriph_Driver\src\stm32l1xx_dac.o Libraries\STM32L1xx_StdPeriph_Driver\src\stm32l1xx_dbgmcu.o Libraries\STM32L1xx_StdPeriph_Driver\src\stm32l1xx_dma.o Libraries\STM32L1xx_StdPeriph_Driver\src\stm32l1xx_exti.o Libraries\STM32L1xx_StdPeriph_Driver\src\stm32l1xx_flash.o Libraries\STM32L1xx_StdPeriph_Driver\src\stm32l1xx_flash_ramfunc.o Libraries\STM32L1xx_StdPeriph_Driver\src\stm32l1xx_fsmc.o Libraries\STM32L1xx_StdPeriph_Driver\src\stm32l1xx_gpio.o Libraries\STM32L1xx_StdPeriph_Driver\src\stm32l1xx_i2c.o Libraries\STM32L1xx_StdPeriph_Driver\src\stm32l1xx_iwdg.o Libraries\STM32L1xx_StdPeriph_Driver\src\stm32l1xx_lcd.o Libraries\STM32L1xx_StdPeriph_Driver\src\stm32l1xx_opamp.o Libraries\STM32L1xx_StdPeriph_Driver\src\stm32l1xx_pwr.o Libraries\STM32L1xx_StdPeriph_Driver\src\stm32l1xx_rcc.o Libraries\STM32L1xx_StdPeriph_Driver\src\stm32l1xx_rtc.o Libraries\STM32L1xx_StdPeriph_Driver\src\stm32l1xx_sdio.o Libraries\STM32L1xx_StdPeriph_Driver\src\stm32l1xx_spi.o Libraries\STM32L1xx_StdPeriph_Driver\src\stm32l1xx_syscfg.o Libraries\STM32L1xx_StdPeriph_Driver\src\stm32l1xx_tim.o Libraries\STM32L1xx_StdPeriph_Driver\src\stm32l1xx_usart.o Libraries\STM32L1xx_StdPeriph_Driver\src\stm32l1xx_wwdg.o src\main.o src\startup_stm32l1xx_hd.o src\stm32l1xx_it.o src\system_stm32l1xx.o src\tiny_printf.o -o vrs_cv2.elf -mthumb -mcpu=cortex-m3 -T..\stm32_flash.ld -Wl,--start-group -lc -lm -Wl,--end-group -specs=nano.specs -specs=nosys.specs -static -Wl,-cref,-u,Reset_Handler -Wl,-Map=vrs_cv2.map -Wl,--gc-sections -Wl,--defsym=malloc_getpagesize_P=0x80 
C:\Program Files (x86)\Atollic\TrueSTUDIO for ARM 6.0.0\ide\jre\bin\java -jar C:\Program Files (x86)\Atollic\TrueSTUDIO for ARM 6.0.0\Tools\arm-atollic-reports.jar sizeinfo list vrs_cv2.elf 
Generate build reports...
Print size information
   text	   data	    bss	    dec	    hex	filename
   2224	      8	   1056	   3288	    cd8	vrs_cv2.elf
Print size information done
Generate listing file
Output sent to: vrs_cv2.elf.list
Generate listing file done
Generate build reports done
10:51:03 **** Incremental Build of configuration Debug for project vrs_cv2 ****
Info: Internal Builder is used for build
arm-atollic-eabi-gcc -c -mthumb -mcpu=cortex-m3 -std=gnu11 -DSTM32L1XX_HD -DUSE_STDPERIPH_DRIVER -I../src -I..\Libraries\STM32L1xx_StdPeriph_Driver\inc -I..\Libraries\CMSIS\Include -I..\Libraries\CMSIS\Device\ST\STM32L1xx\Include -O0 -ffunction-sections -fdata-sections -g -Wall -o src\main.o ..\src\main.c 
..\src\main.c: In function 'main':
..\src\main.c:98:11: warning: format '%d' expects argument of type 'int', but argument 2 has type '_Bool *' [-Wformat=]
    printf("BUTTON je %d", &BUTTON);
           ^
..\src\main.c:98:11: warning: format '%d' expects argument of type 'int', but argument 2 has type '_Bool *' [-Wformat=]
..\src\main.c:102:11: warning: format '%d' expects argument of type 'int', but argument 2 has type '_Bool *' [-Wformat=]
    printf("BUTTON je %d", &BUTTON);
           ^
..\src\main.c:102:11: warning: format '%d' expects argument of type 'int', but argument 2 has type '_Bool *' [-Wformat=]
arm-atollic-eabi-gcc Libraries\STM32L1xx_StdPeriph_Driver\src\misc.o Libraries\STM32L1xx_StdPeriph_Driver\src\stm32l1xx_adc.o Libraries\STM32L1xx_StdPeriph_Driver\src\stm32l1xx_aes.o Libraries\STM32L1xx_StdPeriph_Driver\src\stm32l1xx_aes_util.o Libraries\STM32L1xx_StdPeriph_Driver\src\stm32l1xx_comp.o Libraries\STM32L1xx_StdPeriph_Driver\src\stm32l1xx_crc.o Libraries\STM32L1xx_StdPeriph_Driver\src\stm32l1xx_dac.o Libraries\STM32L1xx_StdPeriph_Driver\src\stm32l1xx_dbgmcu.o Libraries\STM32L1xx_StdPeriph_Driver\src\stm32l1xx_dma.o Libraries\STM32L1xx_StdPeriph_Driver\src\stm32l1xx_exti.o Libraries\STM32L1xx_StdPeriph_Driver\src\stm32l1xx_flash.o Libraries\STM32L1xx_StdPeriph_Driver\src\stm32l1xx_flash_ramfunc.o Libraries\STM32L1xx_StdPeriph_Driver\src\stm32l1xx_fsmc.o Libraries\STM32L1xx_StdPeriph_Driver\src\stm32l1xx_gpio.o Libraries\STM32L1xx_StdPeriph_Driver\src\stm32l1xx_i2c.o Libraries\STM32L1xx_StdPeriph_Driver\src\stm32l1xx_iwdg.o Libraries\STM32L1xx_StdPeriph_Driver\src\stm32l1xx_lcd.o Libraries\STM32L1xx_StdPeriph_Driver\src\stm32l1xx_opamp.o Libraries\STM32L1xx_StdPeriph_Driver\src\stm32l1xx_pwr.o Libraries\STM32L1xx_StdPeriph_Driver\src\stm32l1xx_rcc.o Libraries\STM32L1xx_StdPeriph_Driver\src\stm32l1xx_rtc.o Libraries\STM32L1xx_StdPeriph_Driver\src\stm32l1xx_sdio.o Libraries\STM32L1xx_StdPeriph_Driver\src\stm32l1xx_spi.o Libraries\STM32L1xx_StdPeriph_Driver\src\stm32l1xx_syscfg.o Libraries\STM32L1xx_StdPeriph_Driver\src\stm32l1xx_tim.o Libraries\STM32L1xx_StdPeriph_Driver\src\stm32l1xx_usart.o Libraries\STM32L1xx_StdPeriph_Driver\src\stm32l1xx_wwdg.o src\main.o src\startup_stm32l1xx_hd.o src\stm32l1xx_it.o src\system_stm32l1xx.o src\tiny_printf.o -o vrs_cv2.elf -mthumb -mcpu=cortex-m3 -T..\stm32_flash.ld -Wl,--start-group -lc -lm -Wl,--end-group -specs=nano.specs -specs=nosys.specs -static -Wl,-cref,-u,Reset_Handler -Wl,-Map=vrs_cv2.map -Wl,--gc-sections -Wl,--defsym=malloc_getpagesize_P=0x80 
C:\Program Files (x86)\Atollic\TrueSTUDIO for ARM 6.0.0\ide\jre\bin\java -jar C:\Program Files (x86)\Atollic\TrueSTUDIO for ARM 6.0.0\Tools\arm-atollic-reports.jar sizeinfo list vrs_cv2.elf 
Generate build reports...
Print size information
   text	   data	    bss	    dec	    hex	filename
   2224	      8	   1056	   3288	    cd8	vrs_cv2.elf
Print size information done
Generate listing file
Output sent to: vrs_cv2.elf.list
Generate listing file done
Generate build reports done
10:54:44 **** Incremental Build of configuration Debug for project vrs_cv2 ****
Info: Internal Builder is used for build
arm-atollic-eabi-gcc -c -mthumb -mcpu=cortex-m3 -std=gnu11 -DSTM32L1XX_HD -DUSE_STDPERIPH_DRIVER -I../src -I..\Libraries\STM32L1xx_StdPeriph_Driver\inc -I..\Libraries\CMSIS\Include -I..\Libraries\CMSIS\Device\ST\STM32L1xx\Include -O0 -ffunction-sections -fdata-sections -g -Wall -o src\main.o ..\src\main.c 
..\src\main.c: In function 'main':
..\src\main.c:98:11: warning: format '%d' expects argument of type 'int', but argument 2 has type '_Bool *' [-Wformat=]
    printf("BUTTON je %d", &BUTTON);
           ^
..\src\main.c:98:11: warning: format '%d' expects argument of type 'int', but argument 2 has type '_Bool *' [-Wformat=]
..\src\main.c:102:11: warning: format '%d' expects argument of type 'int', but argument 2 has type '_Bool *' [-Wformat=]
    printf("BUTTON je %d", &BUTTON);
           ^
..\src\main.c:102:11: warning: format '%d' expects argument of type 'int', but argument 2 has type '_Bool *' [-Wformat=]
arm-atollic-eabi-gcc Libraries\STM32L1xx_StdPeriph_Driver\src\misc.o Libraries\STM32L1xx_StdPeriph_Driver\src\stm32l1xx_adc.o Libraries\STM32L1xx_StdPeriph_Driver\src\stm32l1xx_aes.o Libraries\STM32L1xx_StdPeriph_Driver\src\stm32l1xx_aes_util.o Libraries\STM32L1xx_StdPeriph_Driver\src\stm32l1xx_comp.o Libraries\STM32L1xx_StdPeriph_Driver\src\stm32l1xx_crc.o Libraries\STM32L1xx_StdPeriph_Driver\src\stm32l1xx_dac.o Libraries\STM32L1xx_StdPeriph_Driver\src\stm32l1xx_dbgmcu.o Libraries\STM32L1xx_StdPeriph_Driver\src\stm32l1xx_dma.o Libraries\STM32L1xx_StdPeriph_Driver\src\stm32l1xx_exti.o Libraries\STM32L1xx_StdPeriph_Driver\src\stm32l1xx_flash.o Libraries\STM32L1xx_StdPeriph_Driver\src\stm32l1xx_flash_ramfunc.o Libraries\STM32L1xx_StdPeriph_Driver\src\stm32l1xx_fsmc.o Libraries\STM32L1xx_StdPeriph_Driver\src\stm32l1xx_gpio.o Libraries\STM32L1xx_StdPeriph_Driver\src\stm32l1xx_i2c.o Libraries\STM32L1xx_StdPeriph_Driver\src\stm32l1xx_iwdg.o Libraries\STM32L1xx_StdPeriph_Driver\src\stm32l1xx_lcd.o Libraries\STM32L1xx_StdPeriph_Driver\src\stm32l1xx_opamp.o Libraries\STM32L1xx_StdPeriph_Driver\src\stm32l1xx_pwr.o Libraries\STM32L1xx_StdPeriph_Driver\src\stm32l1xx_rcc.o Libraries\STM32L1xx_StdPeriph_Driver\src\stm32l1xx_rtc.o Libraries\STM32L1xx_StdPeriph_Driver\src\stm32l1xx_sdio.o Libraries\STM32L1xx_StdPeriph_Driver\src\stm32l1xx_spi.o Libraries\STM32L1xx_StdPeriph_Driver\src\stm32l1xx_syscfg.o Libraries\STM32L1xx_StdPeriph_Driver\src\stm32l1xx_tim.o Libraries\STM32L1xx_StdPeriph_Driver\src\stm32l1xx_usart.o Libraries\STM32L1xx_StdPeriph_Driver\src\stm32l1xx_wwdg.o src\main.o src\startup_stm32l1xx_hd.o src\stm32l1xx_it.o src\system_stm32l1xx.o src\tiny_printf.o -o vrs_cv2.elf -mthumb -mcpu=cortex-m3 -T..\stm32_flash.ld -Wl,--start-group -lc -lm -Wl,--end-group -specs=nano.specs -specs=nosys.specs -static -Wl,-cref,-u,Reset_Handler -Wl,-Map=vrs_cv2.map -Wl,--gc-sections -Wl,--defsym=malloc_getpagesize_P=0x80 
C:\Program Files (x86)\Atollic\TrueSTUDIO for ARM 6.0.0\ide\jre\bin\java -jar C:\Program Files (x86)\Atollic\TrueSTUDIO for ARM 6.0.0\Tools\arm-atollic-reports.jar sizeinfo list vrs_cv2.elf 
Generate build reports...
Print size information
   text	   data	    bss	    dec	    hex	filename
   2216	      8	   1056	   3280	    cd0	vrs_cv2.elf
Print size information done
Generate listing file
Output sent to: vrs_cv2.elf.list
Generate listing file done
Generate build reports done
10:57:32 **** Incremental Build of configuration Debug for project vrs_cv2 ****
Info: Internal Builder is used for build
arm-atollic-eabi-gcc -c -mthumb -mcpu=cortex-m3 -std=gnu11 -DSTM32L1XX_HD -DUSE_STDPERIPH_DRIVER -I../src -I..\Libraries\STM32L1xx_StdPeriph_Driver\inc -I..\Libraries\CMSIS\Include -I..\Libraries\CMSIS\Device\ST\STM32L1xx\Include -O0 -ffunction-sections -fdata-sections -g -Wall -o src\main.o ..\src\main.c 
..\src\main.c: In function 'main':
..\src\main.c:98:11: warning: format '%d' expects argument of type 'int', but argument 2 has type '_Bool *' [-Wformat=]
    printf("BUTTON je %d", &BUTTON);
           ^
..\src\main.c:98:11: warning: format '%d' expects argument of type 'int', but argument 2 has type '_Bool *' [-Wformat=]
..\src\main.c:102:11: warning: format '%d' expects argument of type 'int', but argument 2 has type '_Bool *' [-Wformat=]
    printf("BUTTON je %d", &BUTTON);
           ^
..\src\main.c:102:11: warning: format '%d' expects argument of type 'int', but argument 2 has type '_Bool *' [-Wformat=]
arm-atollic-eabi-gcc Libraries\STM32L1xx_StdPeriph_Driver\src\misc.o Libraries\STM32L1xx_StdPeriph_Driver\src\stm32l1xx_adc.o Libraries\STM32L1xx_StdPeriph_Driver\src\stm32l1xx_aes.o Libraries\STM32L1xx_StdPeriph_Driver\src\stm32l1xx_aes_util.o Libraries\STM32L1xx_StdPeriph_Driver\src\stm32l1xx_comp.o Libraries\STM32L1xx_StdPeriph_Driver\src\stm32l1xx_crc.o Libraries\STM32L1xx_StdPeriph_Driver\src\stm32l1xx_dac.o Libraries\STM32L1xx_StdPeriph_Driver\src\stm32l1xx_dbgmcu.o Libraries\STM32L1xx_StdPeriph_Driver\src\stm32l1xx_dma.o Libraries\STM32L1xx_StdPeriph_Driver\src\stm32l1xx_exti.o Libraries\STM32L1xx_StdPeriph_Driver\src\stm32l1xx_flash.o Libraries\STM32L1xx_StdPeriph_Driver\src\stm32l1xx_flash_ramfunc.o Libraries\STM32L1xx_StdPeriph_Driver\src\stm32l1xx_fsmc.o Libraries\STM32L1xx_StdPeriph_Driver\src\stm32l1xx_gpio.o Libraries\STM32L1xx_StdPeriph_Driver\src\stm32l1xx_i2c.o Libraries\STM32L1xx_StdPeriph_Driver\src\stm32l1xx_iwdg.o Libraries\STM32L1xx_StdPeriph_Driver\src\stm32l1xx_lcd.o Libraries\STM32L1xx_StdPeriph_Driver\src\stm32l1xx_opamp.o Libraries\STM32L1xx_StdPeriph_Driver\src\stm32l1xx_pwr.o Libraries\STM32L1xx_StdPeriph_Driver\src\stm32l1xx_rcc.o Libraries\STM32L1xx_StdPeriph_Driver\src\stm32l1xx_rtc.o Libraries\STM32L1xx_StdPeriph_Driver\src\stm32l1xx_sdio.o Libraries\STM32L1xx_StdPeriph_Driver\src\stm32l1xx_spi.o Libraries\STM32L1xx_StdPeriph_Driver\src\stm32l1xx_syscfg.o Libraries\STM32L1xx_StdPeriph_Driver\src\stm32l1xx_tim.o Libraries\STM32L1xx_StdPeriph_Driver\src\stm32l1xx_usart.o Libraries\STM32L1xx_StdPeriph_Driver\src\stm32l1xx_wwdg.o src\main.o src\startup_stm32l1xx_hd.o src\stm32l1xx_it.o src\system_stm32l1xx.o src\tiny_printf.o -o vrs_cv2.elf -mthumb -mcpu=cortex-m3 -T..\stm32_flash.ld -Wl,--start-group -lc -lm -Wl,--end-group -specs=nano.specs -specs=nosys.specs -static -Wl,-cref,-u,Reset_Handler -Wl,-Map=vrs_cv2.map -Wl,--gc-sections -Wl,--defsym=malloc_getpagesize_P=0x80 
C:\Program Files (x86)\Atollic\TrueSTUDIO for ARM 6.0.0\ide\jre\bin\java -jar C:\Program Files (x86)\Atollic\TrueSTUDIO for ARM 6.0.0\Tools\arm-atollic-reports.jar sizeinfo list vrs_cv2.elf 
Generate build reports...
Print size information
   text	   data	    bss	    dec	    hex	filename
   2216	      8	   1056	   3280	    cd0	vrs_cv2.elf
Print size information done
Generate listing file
Output sent to: vrs_cv2.elf.list
Generate listing file done
Generate build reports done
10:58:29 **** Incremental Build of configuration Debug for project vrs_cv2 ****
Info: Internal Builder is used for build
arm-atollic-eabi-gcc -c -mthumb -mcpu=cortex-m3 -std=gnu11 -DSTM32L1XX_HD -DUSE_STDPERIPH_DRIVER -I../src -I..\Libraries\STM32L1xx_StdPeriph_Driver\inc -I..\Libraries\CMSIS\Include -I..\Libraries\CMSIS\Device\ST\STM32L1xx\Include -O0 -ffunction-sections -fdata-sections -g -Wall -o src\main.o ..\src\main.c 
..\src\main.c: In function 'main':
..\src\main.c:98:11: warning: format '%d' expects argument of type 'int', but argument 2 has type '_Bool *' [-Wformat=]
    printf("BUTTON je %d", &BUTTON);
           ^
..\src\main.c:98:11: warning: format '%d' expects argument of type 'int', but argument 2 has type '_Bool *' [-Wformat=]
..\src\main.c:102:11: warning: format '%d' expects argument of type 'int', but argument 2 has type '_Bool *' [-Wformat=]
    printf("BUTTON je %d", &BUTTON);
           ^
..\src\main.c:102:11: warning: format '%d' expects argument of type 'int', but argument 2 has type '_Bool *' [-Wformat=]
arm-atollic-eabi-gcc Libraries\STM32L1xx_StdPeriph_Driver\src\misc.o Libraries\STM32L1xx_StdPeriph_Driver\src\stm32l1xx_adc.o Libraries\STM32L1xx_StdPeriph_Driver\src\stm32l1xx_aes.o Libraries\STM32L1xx_StdPeriph_Driver\src\stm32l1xx_aes_util.o Libraries\STM32L1xx_StdPeriph_Driver\src\stm32l1xx_comp.o Libraries\STM32L1xx_StdPeriph_Driver\src\stm32l1xx_crc.o Libraries\STM32L1xx_StdPeriph_Driver\src\stm32l1xx_dac.o Libraries\STM32L1xx_StdPeriph_Driver\src\stm32l1xx_dbgmcu.o Libraries\STM32L1xx_StdPeriph_Driver\src\stm32l1xx_dma.o Libraries\STM32L1xx_StdPeriph_Driver\src\stm32l1xx_exti.o Libraries\STM32L1xx_StdPeriph_Driver\src\stm32l1xx_flash.o Libraries\STM32L1xx_StdPeriph_Driver\src\stm32l1xx_flash_ramfunc.o Libraries\STM32L1xx_StdPeriph_Driver\src\stm32l1xx_fsmc.o Libraries\STM32L1xx_StdPeriph_Driver\src\stm32l1xx_gpio.o Libraries\STM32L1xx_StdPeriph_Driver\src\stm32l1xx_i2c.o Libraries\STM32L1xx_StdPeriph_Driver\src\stm32l1xx_iwdg.o Libraries\STM32L1xx_StdPeriph_Driver\src\stm32l1xx_lcd.o Libraries\STM32L1xx_StdPeriph_Driver\src\stm32l1xx_opamp.o Libraries\STM32L1xx_StdPeriph_Driver\src\stm32l1xx_pwr.o Libraries\STM32L1xx_StdPeriph_Driver\src\stm32l1xx_rcc.o Libraries\STM32L1xx_StdPeriph_Driver\src\stm32l1xx_rtc.o Libraries\STM32L1xx_StdPeriph_Driver\src\stm32l1xx_sdio.o Libraries\STM32L1xx_StdPeriph_Driver\src\stm32l1xx_spi.o Libraries\STM32L1xx_StdPeriph_Driver\src\stm32l1xx_syscfg.o Libraries\STM32L1xx_StdPeriph_Driver\src\stm32l1xx_tim.o Libraries\STM32L1xx_StdPeriph_Driver\src\stm32l1xx_usart.o Libraries\STM32L1xx_StdPeriph_Driver\src\stm32l1xx_wwdg.o src\main.o src\startup_stm32l1xx_hd.o src\stm32l1xx_it.o src\system_stm32l1xx.o src\tiny_printf.o -o vrs_cv2.elf -mthumb -mcpu=cortex-m3 -T..\stm32_flash.ld -Wl,--start-group -lc -lm -Wl,--end-group -specs=nano.specs -specs=nosys.specs -static -Wl,-cref,-u,Reset_Handler -Wl,-Map=vrs_cv2.map -Wl,--gc-sections -Wl,--defsym=malloc_getpagesize_P=0x80 
C:\Program Files (x86)\Atollic\TrueSTUDIO for ARM 6.0.0\ide\jre\bin\java -jar C:\Program Files (x86)\Atollic\TrueSTUDIO for ARM 6.0.0\Tools\arm-atollic-reports.jar sizeinfo list vrs_cv2.elf 
Generate build reports...
Print size information
   text	   data	    bss	    dec	    hex	filename
   2200	      8	   1056	   3264	    cc0	vrs_cv2.elf
Print size information done
Generate listing file
Output sent to: vrs_cv2.elf.list
Generate listing file done
Generate build reports done
Info: Nothing to build for vrs_cv2
11:03:22 **** Incremental Build of configuration Debug for project vrs_cv2 ****
Info: Internal Builder is used for build
arm-atollic-eabi-gcc -c -mthumb -mcpu=cortex-m3 -std=gnu11 -DSTM32L1XX_HD -DUSE_STDPERIPH_DRIVER -I../src -I..\Libraries\STM32L1xx_StdPeriph_Driver\inc -I..\Libraries\CMSIS\Include -I..\Libraries\CMSIS\Device\ST\STM32L1xx\Include -O0 -ffunction-sections -fdata-sections -g -Wall -o src\main.o ..\src\main.c 
..\src\main.c: In function 'main':
..\src\main.c:98:11: warning: format '%d' expects argument of type 'int', but argument 2 has type '_Bool *' [-Wformat=]
    printf("BUTTON je %d", &BUTTON);
           ^
..\src\main.c:98:11: warning: format '%d' expects argument of type 'int', but argument 2 has type '_Bool *' [-Wformat=]
..\src\main.c:102:11: warning: format '%d' expects argument of type 'int', but argument 2 has type '_Bool *' [-Wformat=]
    printf("BUTTON je %d", &BUTTON);
           ^
..\src\main.c:102:11: warning: format '%d' expects argument of type 'int', but argument 2 has type '_Bool *' [-Wformat=]
arm-atollic-eabi-gcc Libraries\STM32L1xx_StdPeriph_Driver\src\misc.o Libraries\STM32L1xx_StdPeriph_Driver\src\stm32l1xx_adc.o Libraries\STM32L1xx_StdPeriph_Driver\src\stm32l1xx_aes.o Libraries\STM32L1xx_StdPeriph_Driver\src\stm32l1xx_aes_util.o Libraries\STM32L1xx_StdPeriph_Driver\src\stm32l1xx_comp.o Libraries\STM32L1xx_StdPeriph_Driver\src\stm32l1xx_crc.o Libraries\STM32L1xx_StdPeriph_Driver\src\stm32l1xx_dac.o Libraries\STM32L1xx_StdPeriph_Driver\src\stm32l1xx_dbgmcu.o Libraries\STM32L1xx_StdPeriph_Driver\src\stm32l1xx_dma.o Libraries\STM32L1xx_StdPeriph_Driver\src\stm32l1xx_exti.o Libraries\STM32L1xx_StdPeriph_Driver\src\stm32l1xx_flash.o Libraries\STM32L1xx_StdPeriph_Driver\src\stm32l1xx_flash_ramfunc.o Libraries\STM32L1xx_StdPeriph_Driver\src\stm32l1xx_fsmc.o Libraries\STM32L1xx_StdPeriph_Driver\src\stm32l1xx_gpio.o Libraries\STM32L1xx_StdPeriph_Driver\src\stm32l1xx_i2c.o Libraries\STM32L1xx_StdPeriph_Driver\src\stm32l1xx_iwdg.o Libraries\STM32L1xx_StdPeriph_Driver\src\stm32l1xx_lcd.o Libraries\STM32L1xx_StdPeriph_Driver\src\stm32l1xx_opamp.o Libraries\STM32L1xx_StdPeriph_Driver\src\stm32l1xx_pwr.o Libraries\STM32L1xx_StdPeriph_Driver\src\stm32l1xx_rcc.o Libraries\STM32L1xx_StdPeriph_Driver\src\stm32l1xx_rtc.o Libraries\STM32L1xx_StdPeriph_Driver\src\stm32l1xx_sdio.o Libraries\STM32L1xx_StdPeriph_Driver\src\stm32l1xx_spi.o Libraries\STM32L1xx_StdPeriph_Driver\src\stm32l1xx_syscfg.o Libraries\STM32L1xx_StdPeriph_Driver\src\stm32l1xx_tim.o Libraries\STM32L1xx_StdPeriph_Driver\src\stm32l1xx_usart.o Libraries\STM32L1xx_StdPeriph_Driver\src\stm32l1xx_wwdg.o src\main.o src\startup_stm32l1xx_hd.o src\stm32l1xx_it.o src\system_stm32l1xx.o src\tiny_printf.o -o vrs_cv2.elf -mthumb -mcpu=cortex-m3 -T..\stm32_flash.ld -Wl,--start-group -lc -lm -Wl,--end-group -specs=nano.specs -specs=nosys.specs -static -Wl,-cref,-u,Reset_Handler -Wl,-Map=vrs_cv2.map -Wl,--gc-sections -Wl,--defsym=malloc_getpagesize_P=0x80 
C:\Program Files (x86)\Atollic\TrueSTUDIO for ARM 6.0.0\ide\jre\bin\java -jar C:\Program Files (x86)\Atollic\TrueSTUDIO for ARM 6.0.0\Tools\arm-atollic-reports.jar sizeinfo list vrs_cv2.elf 
Generate build reports...
Print size information
   text	   data	    bss	    dec	    hex	filename
   2200	      8	   1056	   3264	    cc0	vrs_cv2.elf
Print size information done
Generate listing file
Output sent to: vrs_cv2.elf.list
Generate listing file done
Generate build reports done
11:11:26 **** Incremental Build of configuration Debug for project vrs_cv2 ****
Info: Internal Builder is used for build
arm-atollic-eabi-gcc -c -mthumb -mcpu=cortex-m3 -std=gnu11 -DSTM32L1XX_HD -DUSE_STDPERIPH_DRIVER -I../src -I..\Libraries\STM32L1xx_StdPeriph_Driver\inc -I..\Libraries\CMSIS\Include -I..\Libraries\CMSIS\Device\ST\STM32L1xx\Include -O0 -ffunction-sections -fdata-sections -g -Wall -o src\main.o ..\src\main.c 
..\src\main.c: In function 'main':
..\src\main.c:82:8: warning: variable 'BUTTON' set but not used [-Wunused-but-set-variable]
   bool BUTTON;
        ^
arm-atollic-eabi-gcc Libraries\STM32L1xx_StdPeriph_Driver\src\misc.o Libraries\STM32L1xx_StdPeriph_Driver\src\stm32l1xx_adc.o Libraries\STM32L1xx_StdPeriph_Driver\src\stm32l1xx_aes.o Libraries\STM32L1xx_StdPeriph_Driver\src\stm32l1xx_aes_util.o Libraries\STM32L1xx_StdPeriph_Driver\src\stm32l1xx_comp.o Libraries\STM32L1xx_StdPeriph_Driver\src\stm32l1xx_crc.o Libraries\STM32L1xx_StdPeriph_Driver\src\stm32l1xx_dac.o Libraries\STM32L1xx_StdPeriph_Driver\src\stm32l1xx_dbgmcu.o Libraries\STM32L1xx_StdPeriph_Driver\src\stm32l1xx_dma.o Libraries\STM32L1xx_StdPeriph_Driver\src\stm32l1xx_exti.o Libraries\STM32L1xx_StdPeriph_Driver\src\stm32l1xx_flash.o Libraries\STM32L1xx_StdPeriph_Driver\src\stm32l1xx_flash_ramfunc.o Libraries\STM32L1xx_StdPeriph_Driver\src\stm32l1xx_fsmc.o Libraries\STM32L1xx_StdPeriph_Driver\src\stm32l1xx_gpio.o Libraries\STM32L1xx_StdPeriph_Driver\src\stm32l1xx_i2c.o Libraries\STM32L1xx_StdPeriph_Driver\src\stm32l1xx_iwdg.o Libraries\STM32L1xx_StdPeriph_Driver\src\stm32l1xx_lcd.o Libraries\STM32L1xx_StdPeriph_Driver\src\stm32l1xx_opamp.o Libraries\STM32L1xx_StdPeriph_Driver\src\stm32l1xx_pwr.o Libraries\STM32L1xx_StdPeriph_Driver\src\stm32l1xx_rcc.o Libraries\STM32L1xx_StdPeriph_Driver\src\stm32l1xx_rtc.o Libraries\STM32L1xx_StdPeriph_Driver\src\stm32l1xx_sdio.o Libraries\STM32L1xx_StdPeriph_Driver\src\stm32l1xx_spi.o Libraries\STM32L1xx_StdPeriph_Driver\src\stm32l1xx_syscfg.o Libraries\STM32L1xx_StdPeriph_Driver\src\stm32l1xx_tim.o Libraries\STM32L1xx_StdPeriph_Driver\src\stm32l1xx_usart.o Libraries\STM32L1xx_StdPeriph_Driver\src\stm32l1xx_wwdg.o src\main.o src\startup_stm32l1xx_hd.o src\stm32l1xx_it.o src\system_stm32l1xx.o src\tiny_printf.o -o vrs_cv2.elf -mthumb -mcpu=cortex-m3 -T..\stm32_flash.ld -Wl,--start-group -lc -lm -Wl,--end-group -specs=nano.specs -specs=nosys.specs -static -Wl,-cref,-u,Reset_Handler -Wl,-Map=vrs_cv2.map -Wl,--gc-sections -Wl,--defsym=malloc_getpagesize_P=0x80 
C:\Program Files (x86)\Atollic\TrueSTUDIO for ARM 6.0.0\ide\jre\bin\java -jar C:\Program Files (x86)\Atollic\TrueSTUDIO for ARM 6.0.0\Tools\arm-atollic-reports.jar sizeinfo list vrs_cv2.elf 
Generate build reports...
Print size information
   text	   data	    bss	    dec	    hex	filename
   1280	      8	   1052	   2340	    924	vrs_cv2.elf
Print size information done
Generate listing file
Output sent to: vrs_cv2.elf.list
Generate listing file done
Generate build reports done
11:13:34 **** Incremental Build of configuration Debug for project vrs_cv2 ****
Info: Internal Builder is used for build
arm-atollic-eabi-gcc -c -mthumb -mcpu=cortex-m3 -std=gnu11 -DSTM32L1XX_HD -DUSE_STDPERIPH_DRIVER -I../src -I..\Libraries\STM32L1xx_StdPeriph_Driver\inc -I..\Libraries\CMSIS\Include -I..\Libraries\CMSIS\Device\ST\STM32L1xx\Include -O0 -ffunction-sections -fdata-sections -g -Wall -o src\main.o ..\src\main.c 
..\src\main.c: In function 'main':
..\src\main.c:82:8: warning: variable 'BUTTON' set but not used [-Wunused-but-set-variable]
   bool BUTTON;
        ^
..\src\main.c: At top level:
..\src\main.c:117:3: error: expected identifier or '(' before 'return'
   return 0;
   ^
..\src\main.c:118:1: error: expected identifier or '(' before '}' token
 }
 ^
11:15:22 **** Incremental Build of configuration Debug for project vrs_cv2 ****
Info: Internal Builder is used for build
arm-atollic-eabi-gcc -c -mthumb -mcpu=cortex-m3 -std=gnu11 -DSTM32L1XX_HD -DUSE_STDPERIPH_DRIVER -I../src -I..\Libraries\STM32L1xx_StdPeriph_Driver\inc -I..\Libraries\CMSIS\Include -I..\Libraries\CMSIS\Device\ST\STM32L1xx\Include -O0 -ffunction-sections -fdata-sections -g -Wall -o src\main.o ..\src\main.c 
..\src\main.c: In function 'main':
..\src\main.c:82:8: warning: variable 'BUTTON' set but not used [-Wunused-but-set-variable]
   bool BUTTON;
        ^
arm-atollic-eabi-gcc Libraries\STM32L1xx_StdPeriph_Driver\src\misc.o Libraries\STM32L1xx_StdPeriph_Driver\src\stm32l1xx_adc.o Libraries\STM32L1xx_StdPeriph_Driver\src\stm32l1xx_aes.o Libraries\STM32L1xx_StdPeriph_Driver\src\stm32l1xx_aes_util.o Libraries\STM32L1xx_StdPeriph_Driver\src\stm32l1xx_comp.o Libraries\STM32L1xx_StdPeriph_Driver\src\stm32l1xx_crc.o Libraries\STM32L1xx_StdPeriph_Driver\src\stm32l1xx_dac.o Libraries\STM32L1xx_StdPeriph_Driver\src\stm32l1xx_dbgmcu.o Libraries\STM32L1xx_StdPeriph_Driver\src\stm32l1xx_dma.o Libraries\STM32L1xx_StdPeriph_Driver\src\stm32l1xx_exti.o Libraries\STM32L1xx_StdPeriph_Driver\src\stm32l1xx_flash.o Libraries\STM32L1xx_StdPeriph_Driver\src\stm32l1xx_flash_ramfunc.o Libraries\STM32L1xx_StdPeriph_Driver\src\stm32l1xx_fsmc.o Libraries\STM32L1xx_StdPeriph_Driver\src\stm32l1xx_gpio.o Libraries\STM32L1xx_StdPeriph_Driver\src\stm32l1xx_i2c.o Libraries\STM32L1xx_StdPeriph_Driver\src\stm32l1xx_iwdg.o Libraries\STM32L1xx_StdPeriph_Driver\src\stm32l1xx_lcd.o Libraries\STM32L1xx_StdPeriph_Driver\src\stm32l1xx_opamp.o Libraries\STM32L1xx_StdPeriph_Driver\src\stm32l1xx_pwr.o Libraries\STM32L1xx_StdPeriph_Driver\src\stm32l1xx_rcc.o Libraries\STM32L1xx_StdPeriph_Driver\src\stm32l1xx_rtc.o Libraries\STM32L1xx_StdPeriph_Driver\src\stm32l1xx_sdio.o Libraries\STM32L1xx_StdPeriph_Driver\src\stm32l1xx_spi.o Libraries\STM32L1xx_StdPeriph_Driver\src\stm32l1xx_syscfg.o Libraries\STM32L1xx_StdPeriph_Driver\src\stm32l1xx_tim.o Libraries\STM32L1xx_StdPeriph_Driver\src\stm32l1xx_usart.o Libraries\STM32L1xx_StdPeriph_Driver\src\stm32l1xx_wwdg.o src\main.o src\startup_stm32l1xx_hd.o src\stm32l1xx_it.o src\system_stm32l1xx.o src\tiny_printf.o -o vrs_cv2.elf -mthumb -mcpu=cortex-m3 -T..\stm32_flash.ld -Wl,--start-group -lc -lm -Wl,--end-group -specs=nano.specs -specs=nosys.specs -static -Wl,-cref,-u,Reset_Handler -Wl,-Map=vrs_cv2.map -Wl,--gc-sections -Wl,--defsym=malloc_getpagesize_P=0x80 
[...]
C:\Program Files (x86)\Atollic\TrueSTUDIO for ARM 6.0.0\ide\jre\bin\java -jar C:\Program Files (x86)\Atollic\TrueSTUDIO for ARM 6.0.0\Tools\arm-atollic-reports.jar sizeinfo list vrs_cv2.elf 
Generate build reports...
Print size information
   text	   data	    bss	    dec	    hex	filename
   1324	      8	   1052	   2384	    950	vrs_cv2.elf
Print size information done
Generate listing file
Output sent to: vrs_cv2.elf.list
Generate listing file done
Generate build reports done
11:28:18 **** Incremental Build of configuration Debug for project vrs_cv2 ****
Info: Internal Builder is used for build
arm-atollic-eabi-gcc -c -mthumb -mcpu=cortex-m3 -std=gnu11 -DSTM32L1XX_HD -DUSE_STDPERIPH_DRIVER -I../src -I..\Libraries\STM32L1xx_StdPeriph_Driver\inc -I..\Libraries\CMSIS\Include -I..\Libraries\CMSIS\Device\ST\STM32L1xx\Include -O0 -ffunction-sections -fdata-sections -g -Wall -o src\main.o ..\src\main.c 
..\src\main.c: In function 'main':
..\src\main.c:82:8: warning: unused variable 'BUTTON' [-Wunused-variable]
   bool BUTTON;
        ^
arm-atollic-eabi-gcc Libraries\STM32L1xx_StdPeriph_Driver\src\misc.o Libraries\STM32L1xx_StdPeriph_Driver\src\stm32l1xx_adc.o Libraries\STM32L1xx_StdPeriph_Driver\src\stm32l1xx_aes.o Libraries\STM32L1xx_StdPeriph_Driver\src\stm32l1xx_aes_util.o Libraries\STM32L1xx_StdPeriph_Driver\src\stm32l1xx_comp.o Libraries\STM32L1xx_StdPeriph_Driver\src\stm32l1xx_crc.o Libraries\STM32L1xx_StdPeriph_Driver\src\stm32l1xx_dac.o Libraries\STM32L1xx_StdPeriph_Driver\src\stm32l1xx_dbgmcu.o Libraries\STM32L1xx_StdPeriph_Driver\src\stm32l1xx_dma.o Libraries\STM32L1xx_StdPeriph_Driver\src\stm32l1xx_exti.o Libraries\STM32L1xx_StdPeriph_Driver\src\stm32l1xx_flash.o Libraries\STM32L1xx_StdPeriph_Driver\src\stm32l1xx_flash_ramfunc.o Libraries\STM32L1xx_StdPeriph_Driver\src\stm32l1xx_fsmc.o Libraries\STM32L1xx_StdPeriph_Driver\src\stm32l1xx_gpio.o Libraries\STM32L1xx_StdPeriph_Driver\src\stm32l1xx_i2c.o Libraries\STM32L1xx_StdPeriph_Driver\src\stm32l1xx_iwdg.o Libraries\STM32L1xx_StdPeriph_Driver\src\stm32l1xx_lcd.o Libraries\STM32L1xx_StdPeriph_Driver\src\stm32l1xx_opamp.o Libraries\STM32L1xx_StdPeriph_Driver\src\stm32l1xx_pwr.o Libraries\STM32L1xx_StdPeriph_Driver\src\stm32l1xx_rcc.o Libraries\STM32L1xx_StdPeriph_Driver\src\stm32l1xx_rtc.o Libraries\STM32L1xx_StdPeriph_Driver\src\stm32l1xx_sdio.o Libraries\STM32L1xx_StdPeriph_Driver\src\stm32l1xx_spi.o Libraries\STM32L1xx_StdPeriph_Driver\src\stm32l1xx_syscfg.o Libraries\STM32L1xx_StdPeriph_Driver\src\stm32l1xx_tim.o Libraries\STM32L1xx_StdPeriph_Driver\src\stm32l1xx_usart.o Libraries\STM32L1xx_StdPeriph_Driver\src\stm32l1xx_wwdg.o src\main.o src\startup_stm32l1xx_hd.o src\stm32l1xx_it.o src\system_stm32l1xx.o src\tiny_printf.o -o vrs_cv2.elf -mthumb -mcpu=cortex-m3 -T..\stm32_flash.ld -Wl,--start-group -lc -lm -Wl,--end-group -specs=nano.specs -specs=nosys.specs -static -Wl,-cref,-u,Reset_Handler -Wl,-Map=vrs_cv2.map -Wl,--gc-sections -Wl,--defsym=malloc_getpagesize_P=0x80 
C:\Program Files (x86)\Atollic\TrueSTUDIO for ARM 6.0.0\ide\jre\bin\java -jar C:\Program Files (x86)\Atollic\TrueSTUDIO for ARM 6.0.0\Tools\arm-atollic-reports.jar sizeinfo list vrs_cv2.elf 
Generate build reports...
Print size information
   text	   data	    bss	    dec	    hex	filename
   1328	      8	   1052	   2388	    954	vrs_cv2.elf
Print size information done
Generate listing file
Output sent to: vrs_cv2.elf.list
Generate listing file done
Generate build reports done
Info: Nothing to build for vrs_cv2
Info: Nothing to build for vrs_cv2
Info: Nothing to build for vrs_cv2
11:32:25 **** Incremental Build of configuration Debug for project vrs_cv2 ****
Info: Internal Builder is used for build
arm-atollic-eabi-gcc -c -mthumb -mcpu=cortex-m3 -std=gnu11 -DSTM32L1XX_HD -DUSE_STDPERIPH_DRIVER -I../src -I..\Libraries\STM32L1xx_StdPeriph_Driver\inc -I..\Libraries\CMSIS\Include -I..\Libraries\CMSIS\Device\ST\STM32L1xx\Include -O0 -ffunction-sections -fdata-sections -g -Wall -o src\main.o ..\src\main.c 
..\src\main.c: In function 'main':
..\src\main.c:82:8: warning: unused variable 'BUTTON' [-Wunused-variable]
   bool BUTTON;
        ^
arm-atollic-eabi-gcc Libraries\STM32L1xx_StdPeriph_Driver\src\misc.o Libraries\STM32L1xx_StdPeriph_Driver\src\stm32l1xx_adc.o Libraries\STM32L1xx_StdPeriph_Driver\src\stm32l1xx_aes.o Libraries\STM32L1xx_StdPeriph_Driver\src\stm32l1xx_aes_util.o Libraries\STM32L1xx_StdPeriph_Driver\src\stm32l1xx_comp.o Libraries\STM32L1xx_StdPeriph_Driver\src\stm32l1xx_crc.o Libraries\STM32L1xx_StdPeriph_Driver\src\stm32l1xx_dac.o Libraries\STM32L1xx_StdPeriph_Driver\src\stm32l1xx_dbgmcu.o Libraries\STM32L1xx_StdPeriph_Driver\src\stm32l1xx_dma.o Libraries\STM32L1xx_StdPeriph_Driver\src\stm32l1xx_exti.o Libraries\STM32L1xx_StdPeriph_Driver\src\stm32l1xx_flash.o Libraries\STM32L1xx_StdPeriph_Driver\src\stm32l1xx_flash_ramfunc.o Libraries\STM32L1xx_StdPeriph_Driver\src\stm32l1xx_fsmc.o Libraries\STM32L1xx_StdPeriph_Driver\src\stm32l1xx_gpio.o Libraries\STM32L1xx_StdPeriph_Driver\src\stm32l1xx_i2c.o Libraries\STM32L1xx_StdPeriph_Driver\src\stm32l1xx_iwdg.o Libraries\STM32L1xx_StdPeriph_Driver\src\stm32l1xx_lcd.o Libraries\STM32L1xx_StdPeriph_Driver\src\stm32l1xx_opamp.o Libraries\STM32L1xx_StdPeriph_Driver\src\stm32l1xx_pwr.o Libraries\STM32L1xx_StdPeriph_Driver\src\stm32l1xx_rcc.o Libraries\STM32L1xx_StdPeriph_Driver\src\stm32l1xx_rtc.o Libraries\STM32L1xx_StdPeriph_Driver\src\stm32l1xx_sdio.o Libraries\STM32L1xx_StdPeriph_Driver\src\stm32l1xx_spi.o Libraries\STM32L1xx_StdPeriph_Driver\src\stm32l1xx_syscfg.o Libraries\STM32L1xx_StdPeriph_Driver\src\stm32l1xx_tim.o Libraries\STM32L1xx_StdPeriph_Driver\src\stm32l1xx_usart.o Libraries\STM32L1xx_StdPeriph_Driver\src\stm32l1xx_wwdg.o src\main.o src\startup_stm32l1xx_hd.o src\stm32l1xx_it.o src\system_stm32l1xx.o src\tiny_printf.o -o vrs_cv2.elf -mthumb -mcpu=cortex-m3 -T..\stm32_flash.ld -Wl,--start-group -lc -lm -Wl,--end-group -specs=nano.specs -specs=nosys.specs -static -Wl,-cref,-u,Reset_Handler -Wl,-Map=vrs_cv2.map -Wl,--gc-sections -Wl,--defsym=malloc_getpagesize_P=0x80 
C:\Program Files (x86)\Atollic\TrueSTUDIO for ARM 6.0.0\ide\jre\bin\java -jar C:\Program Files (x86)\Atollic\TrueSTUDIO for ARM 6.0.0\Tools\arm-atollic-reports.jar sizeinfo list vrs_cv2.elf 
Generate build reports...
Print size information
   text	   data	    bss	    dec	    hex	filename
   1312	      8	   1052	   2372	    944	vrs_cv2.elf
Print size information done
Generate listing file
Output sent to: vrs_cv2.elf.list
Generate listing file done
Generate build reports done
11:32:56 **** Incremental Build of configuration Debug for project vrs_cv2 ****
Info: Internal Builder is used for build
arm-atollic-eabi-gcc -c -mthumb -mcpu=cortex-m3 -std=gnu11 -DSTM32L1XX_HD -DUSE_STDPERIPH_DRIVER -I../src -I..\Libraries\STM32L1xx_StdPeriph_Driver\inc -I..\Libraries\CMSIS\Include -I..\Libraries\CMSIS\Device\ST\STM32L1xx\Include -O0 -ffunction-sections -fdata-sections -g -Wall -o src\main.o ..\src\main.c 
..\src\main.c: In function 'main':
..\src\main.c:82:8: warning: unused variable 'BUTTON' [-Wunused-variable]
   bool BUTTON;
        ^
arm-atollic-eabi-gcc Libraries\STM32L1xx_StdPeriph_Driver\src\misc.o Libraries\STM32L1xx_StdPeriph_Driver\src\stm32l1xx_adc.o Libraries\STM32L1xx_StdPeriph_Driver\src\stm32l1xx_aes.o Libraries\STM32L1xx_StdPeriph_Driver\src\stm32l1xx_aes_util.o Libraries\STM32L1xx_StdPeriph_Driver\src\stm32l1xx_comp.o Libraries\STM32L1xx_StdPeriph_Driver\src\stm32l1xx_crc.o Libraries\STM32L1xx_StdPeriph_Driver\src\stm32l1xx_dac.o Libraries\STM32L1xx_StdPeriph_Driver\src\stm32l1xx_dbgmcu.o Libraries\STM32L1xx_StdPeriph_Driver\src\stm32l1xx_dma.o Libraries\STM32L1xx_StdPeriph_Driver\src\stm32l1xx_exti.o Libraries\STM32L1xx_StdPeriph_Driver\src\stm32l1xx_flash.o Libraries\STM32L1xx_StdPeriph_Driver\src\stm32l1xx_flash_ramfunc.o Libraries\STM32L1xx_StdPeriph_Driver\src\stm32l1xx_fsmc.o Libraries\STM32L1xx_StdPeriph_Driver\src\stm32l1xx_gpio.o Libraries\STM32L1xx_StdPeriph_Driver\src\stm32l1xx_i2c.o Libraries\STM32L1xx_StdPeriph_Driver\src\stm32l1xx_iwdg.o Libraries\STM32L1xx_StdPeriph_Driver\src\stm32l1xx_lcd.o Libraries\STM32L1xx_StdPeriph_Driver\src\stm32l1xx_opamp.o Libraries\STM32L1xx_StdPeriph_Driver\src\stm32l1xx_pwr.o Libraries\STM32L1xx_StdPeriph_Driver\src\stm32l1xx_rcc.o Libraries\STM32L1xx_StdPeriph_Driver\src\stm32l1xx_rtc.o Libraries\STM32L1xx_StdPeriph_Driver\src\stm32l1xx_sdio.o Libraries\STM32L1xx_StdPeriph_Driver\src\stm32l1xx_spi.o Libraries\STM32L1xx_StdPeriph_Driver\src\stm32l1xx_syscfg.o Libraries\STM32L1xx_StdPeriph_Driver\src\stm32l1xx_tim.o Libraries\STM32L1xx_StdPeriph_Driver\src\stm32l1xx_usart.o Libraries\STM32L1xx_StdPeriph_Driver\src\stm32l1xx_wwdg.o src\main.o src\startup_stm32l1xx_hd.o src\stm32l1xx_it.o src\system_stm32l1xx.o src\tiny_printf.o -o vrs_cv2.elf -mthumb -mcpu=cortex-m3 -T..\stm32_flash.ld -Wl,--start-group -lc -lm -Wl,--end-group -specs=nano.specs -specs=nosys.specs -static -Wl,-cref,-u,Reset_Handler -Wl,-Map=vrs_cv2.map -Wl,--gc-sections -Wl,--defsym=malloc_getpagesize_P=0x80 
C:\Program Files (x86)\Atollic\TrueSTUDIO for ARM 6.0.0\ide\jre\bin\java -jar C:\Program Files (x86)\Atollic\TrueSTUDIO for ARM 6.0.0\Tools\arm-atollic-reports.jar sizeinfo list vrs_cv2.elf 
Generate build reports...
Print size information
   text	   data	    bss	    dec	    hex	filename
   1224	      8	   1052	   2284	    8ec	vrs_cv2.elf
Print size information done
Generate listing file
Output sent to: vrs_cv2.elf.list
Generate listing file done
Generate build reports done
11:33:35 **** Incremental Build of configuration Debug for project vrs_cv2 ****
Info: Internal Builder is used for build
arm-atollic-eabi-gcc -c -mthumb -mcpu=cortex-m3 -std=gnu11 -DSTM32L1XX_HD -DUSE_STDPERIPH_DRIVER -I../src -I..\Libraries\STM32L1xx_StdPeriph_Driver\inc -I..\Libraries\CMSIS\Include -I..\Libraries\CMSIS\Device\ST\STM32L1xx\Include -O0 -ffunction-sections -fdata-sections -g -Wall -o src\main.o ..\src\main.c 
..\src\main.c: In function 'main':
..\src\main.c:82:8: warning: unused variable 'BUTTON' [-Wunused-variable]
   bool BUTTON;
        ^
arm-atollic-eabi-gcc Libraries\STM32L1xx_StdPeriph_Driver\src\misc.o Libraries\STM32L1xx_StdPeriph_Driver\src\stm32l1xx_adc.o Libraries\STM32L1xx_StdPeriph_Driver\src\stm32l1xx_aes.o Libraries\STM32L1xx_StdPeriph_Driver\src\stm32l1xx_aes_util.o Libraries\STM32L1xx_StdPeriph_Driver\src\stm32l1xx_comp.o Libraries\STM32L1xx_StdPeriph_Driver\src\stm32l1xx_crc.o Libraries\STM32L1xx_StdPeriph_Driver\src\stm32l1xx_dac.o Libraries\STM32L1xx_StdPeriph_Driver\src\stm32l1xx_dbgmcu.o Libraries\STM32L1xx_StdPeriph_Driver\src\stm32l1xx_dma.o Libraries\STM32L1xx_StdPeriph_Driver\src\stm32l1xx_exti.o Libraries\STM32L1xx_StdPeriph_Driver\src\stm32l1xx_flash.o Libraries\STM32L1xx_StdPeriph_Driver\src\stm32l1xx_flash_ramfunc.o Libraries\STM32L1xx_StdPeriph_Driver\src\stm32l1xx_fsmc.o Libraries\STM32L1xx_StdPeriph_Driver\src\stm32l1xx_gpio.o Libraries\STM32L1xx_StdPeriph_Driver\src\stm32l1xx_i2c.o Libraries\STM32L1xx_StdPeriph_Driver\src\stm32l1xx_iwdg.o Libraries\STM32L1xx_StdPeriph_Driver\src\stm32l1xx_lcd.o Libraries\STM32L1xx_StdPeriph_Driver\src\stm32l1xx_opamp.o Libraries\STM32L1xx_StdPeriph_Driver\src\stm32l1xx_pwr.o Libraries\STM32L1xx_StdPeriph_Driver\src\stm32l1xx_rcc.o Libraries\STM32L1xx_StdPeriph_Driver\src\stm32l1xx_rtc.o Libraries\STM32L1xx_StdPeriph_Driver\src\stm32l1xx_sdio.o Libraries\STM32L1xx_StdPeriph_Driver\src\stm32l1xx_spi.o Libraries\STM32L1xx_StdPeriph_Driver\src\stm32l1xx_syscfg.o Libraries\STM32L1xx_StdPeriph_Driver\src\stm32l1xx_tim.o Libraries\STM32L1xx_StdPeriph_Driver\src\stm32l1xx_usart.o Libraries\STM32L1xx_StdPeriph_Driver\src\stm32l1xx_wwdg.o src\main.o src\startup_stm32l1xx_hd.o src\stm32l1xx_it.o src\system_stm32l1xx.o src\tiny_printf.o -o vrs_cv2.elf -mthumb -mcpu=cortex-m3 -T..\stm32_flash.ld -Wl,--start-group -lc -lm -Wl,--end-group -specs=nano.specs -specs=nosys.specs -static -Wl,-cref,-u,Reset_Handler -Wl,-Map=vrs_cv2.map -Wl,--gc-sections -Wl,--defsym=malloc_getpagesize_P=0x80 
C:\Program Files (x86)\Atollic\TrueSTUDIO for ARM 6.0.0\ide\jre\bin\java -jar C:\Program Files (x86)\Atollic\TrueSTUDIO for ARM 6.0.0\Tools\arm-atollic-reports.jar sizeinfo list vrs_cv2.elf 
Generate build reports...
Print size information
   text	   data	    bss	    dec	    hex	filename
   1324	      8	   1052	   2384	    950	vrs_cv2.elf
Print size information done
Generate listing file
Output sent to: vrs_cv2.elf.list
Generate listing file done
Generate build reports done
Info: Nothing to build for vrs_cv2
11:34:37 **** Incremental Build of configuration Debug for project vrs_cv2 ****
Info: Internal Builder is used for build
arm-atollic-eabi-gcc -c -mthumb -mcpu=cortex-m3 -std=gnu11 -DSTM32L1XX_HD -DUSE_STDPERIPH_DRIVER -I../src -I..\Libraries\STM32L1xx_StdPeriph_Driver\inc -I..\Libraries\CMSIS\Include -I..\Libraries\CMSIS\Device\ST\STM32L1xx\Include -O0 -ffunction-sections -fdata-sections -g -Wall -o src\main.o ..\src\main.c 
..\src\main.c: In function 'main':
..\src\main.c:82:8: warning: unused variable 'BUTTON' [-Wunused-variable]
   bool BUTTON;
        ^
arm-atollic-eabi-gcc Libraries\STM32L1xx_StdPeriph_Driver\src\misc.o Libraries\STM32L1xx_StdPeriph_Driver\src\stm32l1xx_adc.o Libraries\STM32L1xx_StdPeriph_Driver\src\stm32l1xx_aes.o Libraries\STM32L1xx_StdPeriph_Driver\src\stm32l1xx_aes_util.o Libraries\STM32L1xx_StdPeriph_Driver\src\stm32l1xx_comp.o Libraries\STM32L1xx_StdPeriph_Driver\src\stm32l1xx_crc.o Libraries\STM32L1xx_StdPeriph_Driver\src\stm32l1xx_dac.o Libraries\STM32L1xx_StdPeriph_Driver\src\stm32l1xx_dbgmcu.o Libraries\STM32L1xx_StdPeriph_Driver\src\stm32l1xx_dma.o Libraries\STM32L1xx_StdPeriph_Driver\src\stm32l1xx_exti.o Libraries\STM32L1xx_StdPeriph_Driver\src\stm32l1xx_flash.o Libraries\STM32L1xx_StdPeriph_Driver\src\stm32l1xx_flash_ramfunc.o Libraries\STM32L1xx_StdPeriph_Driver\src\stm32l1xx_fsmc.o Libraries\STM32L1xx_StdPeriph_Driver\src\stm32l1xx_gpio.o Libraries\STM32L1xx_StdPeriph_Driver\src\stm32l1xx_i2c.o Libraries\STM32L1xx_StdPeriph_Driver\src\stm32l1xx_iwdg.o Libraries\STM32L1xx_StdPeriph_Driver\src\stm32l1xx_lcd.o Libraries\STM32L1xx_StdPeriph_Driver\src\stm32l1xx_opamp.o Libraries\STM32L1xx_StdPeriph_Driver\src\stm32l1xx_pwr.o Libraries\STM32L1xx_StdPeriph_Driver\src\stm32l1xx_rcc.o Libraries\STM32L1xx_StdPeriph_Driver\src\stm32l1xx_rtc.o Libraries\STM32L1xx_StdPeriph_Driver\src\stm32l1xx_sdio.o Libraries\STM32L1xx_StdPeriph_Driver\src\stm32l1xx_spi.o Libraries\STM32L1xx_StdPeriph_Driver\src\stm32l1xx_syscfg.o Libraries\STM32L1xx_StdPeriph_Driver\src\stm32l1xx_tim.o Libraries\STM32L1xx_StdPeriph_Driver\src\stm32l1xx_usart.o Libraries\STM32L1xx_StdPeriph_Driver\src\stm32l1xx_wwdg.o src\main.o src\startup_stm32l1xx_hd.o src\stm32l1xx_it.o src\system_stm32l1xx.o src\tiny_printf.o -o vrs_cv2.elf -mthumb -mcpu=cortex-m3 -T..\stm32_flash.ld -Wl,--start-group -lc -lm -Wl,--end-group -specs=nano.specs -specs=nosys.specs -static -Wl,-cref,-u,Reset_Handler -Wl,-Map=vrs_cv2.map -Wl,--gc-sections -Wl,--defsym=malloc_getpagesize_P=0x80 
C:\Program Files (x86)\Atollic\TrueSTUDIO for ARM 6.0.0\ide\jre\bin\java -jar C:\Program Files (x86)\Atollic\TrueSTUDIO for ARM 6.0.0\Tools\arm-atollic-reports.jar sizeinfo list vrs_cv2.elf 
Generate build reports...
Print size information
   text	   data	    bss	    dec	    hex	filename
   1312	      8	   1052	   2372	    944	vrs_cv2.elf
Print size information done
Generate listing file
Output sent to: vrs_cv2.elf.list
Generate listing file done
Generate build reports done
11:38:06 **** Incremental Build of configuration Debug for project vrs_cv2 ****
Info: Internal Builder is used for build
arm-atollic-eabi-gcc -c -mthumb -mcpu=cortex-m3 -std=gnu11 -DSTM32L1XX_HD -DUSE_STDPERIPH_DRIVER -I../src -I..\Libraries\STM32L1xx_StdPeriph_Driver\inc -I..\Libraries\CMSIS\Include -I..\Libraries\CMSIS\Device\ST\STM32L1xx\Include -O0 -ffunction-sections -fdata-sections -g -Wall -o src\main.o ..\src\main.c 
..\src\main.c: In function 'main':
..\src\main.c:82:8: warning: unused variable 'BUTTON' [-Wunused-variable]
   bool BUTTON;
        ^
arm-atollic-eabi-gcc Libraries\STM32L1xx_StdPeriph_Driver\src\misc.o Libraries\STM32L1xx_StdPeriph_Driver\src\stm32l1xx_adc.o Libraries\STM32L1xx_StdPeriph_Driver\src\stm32l1xx_aes.o Libraries\STM32L1xx_StdPeriph_Driver\src\stm32l1xx_aes_util.o Libraries\STM32L1xx_StdPeriph_Driver\src\stm32l1xx_comp.o Libraries\STM32L1xx_StdPeriph_Driver\src\stm32l1xx_crc.o Libraries\STM32L1xx_StdPeriph_Driver\src\stm32l1xx_dac.o Libraries\STM32L1xx_StdPeriph_Driver\src\stm32l1xx_dbgmcu.o Libraries\STM32L1xx_StdPeriph_Driver\src\stm32l1xx_dma.o Libraries\STM32L1xx_StdPeriph_Driver\src\stm32l1xx_exti.o Libraries\STM32L1xx_StdPeriph_Driver\src\stm32l1xx_flash.o Libraries\STM32L1xx_StdPeriph_Driver\src\stm32l1xx_flash_ramfunc.o Libraries\STM32L1xx_StdPeriph_Driver\src\stm32l1xx_fsmc.o Libraries\STM32L1xx_StdPeriph_Driver\src\stm32l1xx_gpio.o Libraries\STM32L1xx_StdPeriph_Driver\src\stm32l1xx_i2c.o Libraries\STM32L1xx_StdPeriph_Driver\src\stm32l1xx_iwdg.o Libraries\STM32L1xx_StdPeriph_Driver\src\stm32l1xx_lcd.o Libraries\STM32L1xx_StdPeriph_Driver\src\stm32l1xx_opamp.o Libraries\STM32L1xx_StdPeriph_Driver\src\stm32l1xx_pwr.o Libraries\STM32L1xx_StdPeriph_Driver\src\stm32l1xx_rcc.o Libraries\STM32L1xx_StdPeriph_Driver\src\stm32l1xx_rtc.o Libraries\STM32L1xx_StdPeriph_Driver\src\stm32l1xx_sdio.o Libraries\STM32L1xx_StdPeriph_Driver\src\stm32l1xx_spi.o Libraries\STM32L1xx_StdPeriph_Driver\src\stm32l1xx_syscfg.o Libraries\STM32L1xx_StdPeriph_Driver\src\stm32l1xx_tim.o Libraries\STM32L1xx_StdPeriph_Driver\src\stm32l1xx_usart.o Libraries\STM32L1xx_StdPeriph_Driver\src\stm32l1xx_wwdg.o src\main.o src\startup_stm32l1xx_hd.o src\stm32l1xx_it.o src\system_stm32l1xx.o src\tiny_printf.o -o vrs_cv2.elf -mthumb -mcpu=cortex-m3 -T..\stm32_flash.ld -Wl,--start-group -lc -lm -Wl,--end-group -specs=nano.specs -specs=nosys.specs -static -Wl,-cref,-u,Reset_Handler -Wl,-Map=vrs_cv2.map -Wl,--gc-sections -Wl,--defsym=malloc_getpagesize_P=0x80 
C:\Program Files (x86)\Atollic\TrueSTUDIO for ARM 6.0.0\ide\jre\bin\java -jar C:\Program Files (x86)\Atollic\TrueSTUDIO for ARM 6.0.0\Tools\arm-atollic-reports.jar sizeinfo list vrs_cv2.elf 
Generate build reports...
Print size information
   text	   data	    bss	    dec	    hex	filename
   1312	      8	   1052	   2372	    944	vrs_cv2.elf
Print size information done
Generate listing file
Output sent to: vrs_cv2.elf.list
Generate listing file done
Generate build reports done
